Component: ARM Compiler 5.06 update 6 (build 750) Tool: armlink [4d35ed]

==============================================================================

Section Cross References

    main.o(i.advertising_start) refers to nrf_log_frontend.o(i.nrf_log_frontend_std_0) for nrf_log_frontend_std_0
    main.o(i.advertising_start) refers to peer_manager.o(i.pm_peers_delete) for pm_peers_delete
    main.o(i.advertising_start) refers to ble_advertising.o(i.ble_advertising_start) for ble_advertising_start
    main.o(i.advertising_start) refers to app_error.o(i.app_error_handler_bare) for app_error_handler_bare
    main.o(i.advertising_start) refers to nrf_log_frontend.o(log_const_data) for m_nrf_log_app_logs_data_const
    main.o(i.advertising_start) refers to main.o(.bss) for .bss
    main.o(i.assert_nrf_callback) refers to app_error_handler_keil.o(.emb_text) for app_error_handler
    main.o(i.ble_evt_handler) refers to nrf_log_frontend.o(i.nrf_log_frontend_std_0) for nrf_log_frontend_std_0
    main.o(i.ble_evt_handler) refers to bsp.o(i.bsp_indication_set) for bsp_indication_set
    main.o(i.ble_evt_handler) refers to app_error.o(i.app_error_handler_bare) for app_error_handler_bare
    main.o(i.ble_evt_handler) refers to nrf_ble_qwr.o(i.nrf_ble_qwr_conn_handle_assign) for nrf_ble_qwr_conn_handle_assign
    main.o(i.ble_evt_handler) refers to nrf_log_frontend.o(log_const_data) for m_nrf_log_app_logs_data_const
    main.o(i.ble_evt_handler) refers to main.o(.data) for .data
    main.o(i.ble_evt_handler) refers to main.o(.bss) for .bss
    main.o(i.bsp_event_handler) refers to main.o(i.sleep_mode_enter) for sleep_mode_enter
    main.o(i.bsp_event_handler) refers to app_error.o(i.app_error_handler_bare) for app_error_handler_bare
    main.o(i.bsp_event_handler) refers to ble_advertising.o(i.ble_advertising_restart_without_whitelist) for ble_advertising_restart_without_whitelist
    main.o(i.bsp_event_handler) refers to main.o(.data) for .data
    main.o(i.bsp_event_handler) refers to main.o(.bss) for .bss
    main.o(i.conn_params_error_handler) refers to app_error.o(i.app_error_handler_bare) for app_error_handler_bare
    main.o(i.main) refers to nrf_log_frontend.o(i.nrf_log_init) for nrf_log_init
    main.o(i.main) refers to app_error.o(i.app_error_handler_bare) for app_error_handler_bare
    main.o(i.main) refers to nrf_log_default_backends.o(i.nrf_log_default_backends_init) for nrf_log_default_backends_init
    main.o(i.main) refers to app_timer2.o(i.app_timer_init) for app_timer_init
    main.o(i.main) refers to app_timer2.o(i.app_timer_create) for app_timer_create
    main.o(i.main) refers to bsp.o(i.bsp_init) for bsp_init
    main.o(i.main) refers to bsp_btn_ble.o(i.bsp_btn_ble_init) for bsp_btn_ble_init
    main.o(i.main) refers to nrf_pwr_mgmt.o(i.nrf_pwr_mgmt_init) for nrf_pwr_mgmt_init
    main.o(i.main) refers to nrf_sdh.o(i.nrf_sdh_enable_request) for nrf_sdh_enable_request
    main.o(i.main) refers to nrf_sdh_ble.o(i.nrf_sdh_ble_default_cfg_set) for nrf_sdh_ble_default_cfg_set
    main.o(i.main) refers to nrf_sdh_ble.o(i.nrf_sdh_ble_enable) for nrf_sdh_ble_enable
    main.o(i.main) refers to nrf_ble_gatt.o(i.nrf_ble_gatt_init) for nrf_ble_gatt_init
    main.o(i.main) refers to nrf_ble_qwr.o(i.nrf_ble_qwr_init) for nrf_ble_qwr_init
    main.o(i.main) refers to our_service.o(i.our_service_init) for our_service_init
    main.o(i.main) refers to memseta.o(.text) for __aeabi_memclr4
    main.o(i.main) refers to ble_advertising.o(i.ble_advertising_init) for ble_advertising_init
    main.o(i.main) refers to ble_advertising.o(i.ble_advertising_conn_cfg_tag_set) for ble_advertising_conn_cfg_tag_set
    main.o(i.main) refers to ble_conn_params.o(i.ble_conn_params_init) for ble_conn_params_init
    main.o(i.main) refers to main.o(i.peer_manager_init) for peer_manager_init
    main.o(i.main) refers to nrf_log_frontend.o(i.nrf_log_frontend_std_0) for nrf_log_frontend_std_0
    main.o(i.main) refers to app_timer2.o(i.app_timer_start) for app_timer_start
    main.o(i.main) refers to main.o(i.advertising_start) for advertising_start
    main.o(i.main) refers to nrf_log_frontend.o(i.nrf_log_frontend_dequeue) for nrf_log_frontend_dequeue
    main.o(i.main) refers to nrf_pwr_mgmt.o(i.nrf_pwr_mgmt_run) for nrf_pwr_mgmt_run
    main.o(i.main) refers to main.o(i.timer_timeout_handler) for timer_timeout_handler
    main.o(i.main) refers to main.o(.constdata) for .constdata
    main.o(i.main) refers to main.o(i.bsp_event_handler) for bsp_event_handler
    main.o(i.main) refers to main.o(.bss) for .bss
    main.o(i.main) refers to main.o(i.nrf_qwr_error_handler) for nrf_qwr_error_handler
    main.o(i.main) refers to main.o(.data) for .data
    main.o(i.main) refers to main.o(i.on_adv_evt) for on_adv_evt
    main.o(i.main) refers to main.o(i.on_conn_params_evt) for on_conn_params_evt
    main.o(i.main) refers to main.o(i.conn_params_error_handler) for conn_params_error_handler
[...]
    sdh_ble_observers1$$Base                 0x00032970   Number         0  main.o(sdh_ble_observers1)
    sdh_ble_observers1$$Limit                0x00032998   Number         0  peer_manager.o(sdh_ble_observers1)
    sdh_ble_observers2$$Base                 0x00032998   Number         0  main.o(sdh_ble_observers2)
    sdh_ble_observers2$$Limit                0x000329a0   Number         0  main.o(sdh_ble_observers2)
    sdh_ble_observers3$$Base                 0x000329a0   Number         0  main.o(sdh_ble_observers3)
    m_req_obs                                0x000329b0   Data           8  nrf_fstorage_sd.o(sdh_req_observers0)
    sdh_ble_observers3$$Limit                0x000329b0   Number         0  main.o(sdh_ble_observers3)
    sdh_req_observers0$$Base                 0x000329b0   Number         0  nrf_fstorage_sd.o(sdh_req_observers0)
    sdh_req_observers0$$Limit                0x000329b8   Number         0  nrf_fstorage_sd.o(sdh_req_observers0)
    sdh_soc_observers0$$Base                 0x000329b8   Number         0  nrf_drv_clock.o(sdh_soc_observers0)
    sdh_soc_observers0$$Limit                0x000329c8   Number         0  nrf_fstorage_sd.o(sdh_soc_observers0)
    sdh_stack_observers0$$Base               0x000329c8   Number         0  nrf_sdh_ble.o(sdh_stack_observers0)
    sdh_stack_observers0$$Limit              0x000329d8   Number         0  nrf_sdh_soc.o(sdh_stack_observers0)
    sdh_state_observers0$$Base               0x000329d8   Number         0  nrf_drv_clock.o(sdh_state_observers0)
    sdh_state_observers0$$Limit              0x000329e8   Number         0  nrf_fstorage_sd.o(sdh_state_observers0)
    Image$$RW_IRAM1$$Base                    0x20002270   Number         0  anon$$obj.o ABSOLUTE
    temperature                              0x20002274   Data           4  main.o(.data)
    temp                                     0x20002278   Data           4  main.o(.data)
    nrf_drv_uart_use_easy_dma                0x20002300   Data           2  nrf_drv_uart.o(.data)
    m_uart                                   0x200023b4   Data          20  nrf_log_backend_uart.o(.data)
    SystemCoreClock                          0x20002428   Data           4  system_nrf52840.o(.data)
    fs_data$$Base                            0x2000242c   Number         0  fds.o(fs_data)
    m_fs                                     0x2000242c   Data          20  fds.o(fs_data)
    fs_data$$Limit                           0x20002440   Number         0  fds.o(fs_data)
    m_our_service                            0x200028b4   Data          12  main.o(.bss)
    nrf_nvic_state                           0x20002e58   Data          12  app_util_platform.o(.bss)
    __initial_sp                             0x200055c8   Data           0  arm_startup_nrf52840.o(STACK)



==============================================================================

Memory Map of the image

  Image Entry point : 0x00027201

  Load Region LR_IROM1 (Base: 0x00027000, Size: 0x0000bbb8, Max: 0x000d9000, ABSOLUTE, COMPRESSED[0x0000ba48])

    Execution Region ER_IROM1 (Exec base: 0x00027000, Load base: 0x00027000, Size: 0x0000b9e8, Max: 0x000d9000, ABSOLUTE)

    Exec Addr    Load Addr    Size         Type   Attr      Idx    E Section Name        Object

    0x00027000   0x00027000   0x00000200   Data   RO         7206    RESET               arm_startup_nrf52840.o
    0x00027200   0x00027200   0x00000000   Code   RO         7262  * .ARM.Collect$$$$00000000  mc_w.l(entry.o)
    0x00027200   0x00027200   0x00000004   Code   RO         7316    .ARM.Collect$$$$00000001  mc_w.l(entry2.o)
    0x00027204   0x00027204   0x00000004   Code   RO         7319    .ARM.Collect$$$$00000004  mc_w.l(entry5.o)
    0x00027208   0x00027208   0x00000000   Code   RO         7321    .ARM.Collect$$$$00000008  mc_w.l(entry7b.o)
    0x00027208   0x00027208   0x00000000   Code   RO         7323    .ARM.Collect$$$$0000000A  mc_w.l(entry8b.o)
    0x00027208   0x00027208   0x00000008   Code   RO         7324    .ARM.Collect$$$$0000000B  mc_w.l(entry9a.o)
    0x00027210   0x00027210   0x00000000   Code   RO         7326    .ARM.Collect$$$$0000000D  mc_w.l(entry10a.o)
    0x00027210   0x00027210   0x00000000   Code   RO         7328    .ARM.Collect$$$$0000000F  mc_w.l(entry11a.o)
    0x00027210   0x00027210   0x00000004   Code   RO         7317    .ARM.Collect$$$$00002712  mc_w.l(entry2.o)
    0x00027214   0x00027214   0x000000c8   Code   RO         5278    .emb_text           nrf_atfifo.o
    0x000272dc   0x000272dc   0x000000e2   Code   RO         5414    .emb_text           nrf_atomic.o
    0x000273be   0x000273be   0x00000002   PAD
    0x000273c0   0x000273c0   0x00000024   Code   RO         7207    .text               arm_startup_nrf52840.o
    0x000273e4   0x000273e4   0x00000062   Code   RO         7270    .text               mc_w.l(uldiv.o)
    0x00027446   0x00027446   0x0000001e   Code   RO         7272    .text               mc_w.l(llshl.o)
    0x00027464   0x00027464   0x00000008   Code   RO         7274    .text               mc_w.l(ctype_o.o)
    0x0002746c   0x0002746c   0x00000024   Code   RO         7302    .text               mc_w.l(memcpya.o)
    0x00027490   0x00027490   0x00000024   Code   RO         7304    .text               mc_w.l(memseta.o)
    0x000274b4   0x000274b4   0x0000000e   Code   RO         7306    .text               mc_w.l(strlen.o)
    0x000274c2   0x000274c2   0x0000001a   Code   RO         7310    .text               mc_w.l(memcmp.o)
    0x000274dc   0x000274dc   0x00000020   Code   RO         7331    .text               mc_w.l(llushr.o)
    0x000274fc   0x000274fc   0x00000024   Code   RO         7334    .text               mc_w.l(init.o)
    0x00027520   0x00027520   0x00000056   Code   RO         7344    .text               mc_w.l(__dczerorl2.o)
    0x00027576   0x00027576   0x00000002   PAD
    0x00027578   0x00027578   0x000000a4   Code   RO         3505    i.GPIOTE_IRQHandler  nrfx_gpiote.o
    0x0002761c   0x0002761c   0x00000058   Code   RO         3366    i.POWER_CLOCK_IRQHandler  nrfx_clock.o
    0x00027674   0x00027674   0x00000010   Code   RO         4742    i.RTC1_IRQHandler   drv_rtc.o
    0x00027684   0x00027684   0x00000004   Code   RO         6997    i.SWI2_EGU2_IRQHandler  nrf_sdh.o
    0x00027688   0x00027688   0x000001d4   Code   RO         7215    i.SystemInit        system_nrf52840.o
    0x0002785c   0x0002785c   0x0000000c   Code   RO         3830    i.UARTE0_UART0_IRQHandler  nrfx_prs.o
    0x00027868   0x00027868   0x0000000e   Code   RO         7338    i.__scatterload_copy  mc_w.l(handlers.o)
    0x00027876   0x00027876   0x00000002   Code   RO         7339    i.__scatterload_null  mc_w.l(handlers.o)
    0x00027878   0x00027878   0x0000000e   Code   RO         7340    i.__scatterload_zeroinit  mc_w.l(handlers.o)
    0x00027886   0x00027886   0x00000002   PAD
    0x00027888   0x00027888   0x00000024   Code   RO         6998    i.__sd_nvic_app_accessible_irq  nrf_sdh.o
    0x000278ac   0x000278ac   0x00000026   Code   RO         1588    i.addr_compare      id_manager.o
    0x000278d2   0x000278d2   0x0000000c   Code   RO         5666    i.addr_is_aligned32  nrf_fstorage.o
    0x000278de   0x000278de   0x00000018   Code   RO         5667    i.addr_is_within_bounds  nrf_fstorage.o
    0x000278f6   0x000278f6   0x00000010   Code   RO          926    i.adv_set_data_size_max_get  ble_advertising.o
    0x00027906   0x00027906   0x00000036   Code   RO          692    i.advertising_buttons_configure  bsp_btn_ble.o
    0x0002793c   0x0002793c   0x00000050   Code   RO            4    i.advertising_start  main.o
    0x0002798c   0x0002798c   0x00000052   Code   RO         1589    i.ah                id_manager.o
    0x000279de   0x000279de   0x00000006   Code   RO          575    i.alert_timer_handler  bsp.o
    0x000279e4   0x000279e4   0x0000000c   Code   RO         2705    i.allow_repairing   security_dispatcher.o
    0x000279f0   0x000279f0   0x00000024   Code   RO         4253    i.app_button_enable  app_button.o
    0x00027a14   0x00027a14   0x00000080   Code   RO         4254    i.app_button_init   app_button.o
    0x00027a94   0x00027a94   0x00000084   Code   RO         4411    i.app_error_fault_handler  app_error_weak.o
    0x00027b18   0x00027b18   0x00000016   Code   RO         4351    i.app_error_handler_bare  app_error.o
    0x00027b2e   0x00027b2e   0x00000002   PAD
    0x00027b30   0x00027b30   0x0000000c   Code   RO         4506    i.app_timer_cnt_get  app_timer2.o
    0x00027b3c   0x00027b3c   0x00000016   Code   RO         4507    i.app_timer_create  app_timer2.o
    0x00027b52   0x00027b52   0x00000002   PAD
    0x00027b54   0x00027b54   0x0000005c   Code   RO         4508    i.app_timer_init    app_timer2.o
    0x00027bb0   0x00027bb0   0x00000030   Code   RO         4511    i.app_timer_start   app_timer2.o
    0x00027be0   0x00027be0   0x0000000c   Code   RO         4512    i.app_timer_stop    app_timer2.o
    0x00027bec   0x00027bec   0x00000048   Code   RO         4647    i.app_util_critical_region_enter  app_util_platform.o
    0x00027c34   0x00027c34   0x00000034   Code   RO         4648    i.app_util_critical_region_exit  app_util_platform.o
    0x00027c68   0x00027c68   0x00000076   Code   RO         3884    i.apply_config      nrfx_uart.o
    0x00027cde   0x00027cde   0x00000076   Code   RO         4082    i.apply_config      nrfx_uarte.o
    0x00027d54   0x00027d54   0x00000004   Code   RO         1327    i.apply_pending_handle  gatt_cache_manager.o
    0x00027d58   0x00027d58   0x00000180   Code   RO         2706    i.auth_status_success_process  security_dispatcher.o
    0x00027ed8   0x00027ed8   0x00000182   Code   RO          820    i.ble_advdata_encode  ble_advdata.o
    0x0002805a   0x0002805a   0x00000020   Code   RO          822    i.ble_advdata_parse  ble_advdata.o
    0x0002807a   0x0002807a   0x00000046   Code   RO          823    i.ble_advdata_search  ble_advdata.o
    0x000280c0   0x000280c0   0x00000006   Code   RO          928    i.ble_advertising_conn_cfg_tag_set  ble_advertising.o
    0x000280c6   0x000280c6   0x000000e8   Code   RO          929    i.ble_advertising_init  ble_advertising.o
    0x000281ae   0x000281ae   0x0000006a   Code   RO          931    i.ble_advertising_on_ble_evt  ble_advertising.o
    0x00028218   0x00028218   0x0000003a   Code   RO          933    i.ble_advertising_restart_without_whitelist  ble_advertising.o
    0x00028252   0x00028252   0x00000230   Code   RO          934    i.ble_advertising_start  ble_advertising.o
    0x00028482   0x00028482   0x00000002   PAD
    0x00028484   0x00028484   0x00000068   Code   RO         1022    i.ble_conn_params_init  ble_conn_params.o
    0x000284ec   0x000284ec   0x00000020   Code   RO         1101    i.ble_conn_state_encrypted  ble_conn_state.o
    0x0002850c   0x0002850c   0x0000002c   Code   RO         1103    i.ble_conn_state_for_each_set_user_flag  ble_conn_state.o
    0x00028538   0x00028538   0x00000020   Code   RO         1105    i.ble_conn_state_lesc  ble_conn_state.o
    0x00028558   0x00028558   0x00000020   Code   RO         1106    i.ble_conn_state_mitm_protected  ble_conn_state.o
    0x00028578   0x00028578   0x00000024   Code   RO         1109    i.ble_conn_state_role  ble_conn_state.o
    0x0002859c   0x0002859c   0x00000024   Code   RO         1110    i.ble_conn_state_status  ble_conn_state.o
    0x000285c0   0x000285c0   0x00000018   Code   RO         1111    i.ble_conn_state_user_flag_acquire  ble_conn_state.o
    0x000285d8   0x000285d8   0x00000030   Code   RO         1112    i.ble_conn_state_user_flag_get  ble_conn_state.o
    0x00028608   0x00028608   0x00000038   Code   RO         1113    i.ble_conn_state_user_flag_set  ble_conn_state.o
    0x00028640   0x00028640   0x00000014   Code   RO         1114    i.ble_conn_state_valid  ble_conn_state.o
    0x00028654   0x00028654   0x00000060   Code   RO          826    i.ble_device_addr_encode  ble_advdata.o
    0x000286b4   0x000286b4   0x000000b4   Code   RO            6    i.ble_evt_handler   main.o
    0x00028768   0x00028768   0x00000070   Code   RO          693    i.ble_evt_handler   bsp_btn_ble.o
    0x000287d8   0x000287d8   0x000000fc   Code   RO         1024    i.ble_evt_handler   ble_conn_params.o
    0x000288d4   0x000288d4   0x00000118   Code   RO         1115    i.ble_evt_handler   ble_conn_state.o
    0x000289ec   0x000289ec   0x00000028   Code   RO         2252    i.ble_evt_handler   peer_manager.o
    0x00028a14   0x00028a14   0x00000016   Code   RO          409    i.ble_our_service_on_ble_evt  our_service.o
    0x00028a2a   0x00028a2a   0x00000008   Code   RO         1270    i.ble_srv_is_notification_enabled  ble_srv_common.o
    0x00028a32   0x00028a32   0x00000002   PAD
    0x00028a34   0x00028a34   0x0000000c   Code   RO          467    i.bsp_board_button_idx_to_pin  boards.o
    0x00028a40   0x00028a40   0x00000028   Code   RO          468    i.bsp_board_button_state_get  boards.o
    0x00028a68   0x00028a68   0x00000054   Code   RO          469    i.bsp_board_init    boards.o
    0x00028abc   0x00028abc   0x0000002c   Code   RO          471    i.bsp_board_led_invert  boards.o
    0x00028ae8   0x00028ae8   0x00000010   Code   RO          472    i.bsp_board_led_off  boards.o
    0x00028af8   0x00028af8   0x00000010   Code   RO          473    i.bsp_board_led_on  boards.o
    0x00028b08   0x00028b08   0x00000028   Code   RO          474    i.bsp_board_led_state_get  boards.o
    0x00028b30   0x00028b30   0x00000012   Code   RO          475    i.bsp_board_leds_off  boards.o
    0x00028b42   0x00028b42   0x00000012   Code   RO          476    i.bsp_board_leds_on  boards.o
    0x00028b54   0x00028b54   0x00000024   Code   RO          477    i.bsp_board_pin_to_button_idx  boards.o
    0x00028b78   0x00028b78   0x00000038   Code   RO          694    i.bsp_btn_ble_init  bsp_btn_ble.o
    0x00028bb0   0x00028bb0   0x0000001e   Code   RO          695    i.bsp_btn_ble_sleep_mode_prepare  bsp_btn_ble.o
    0x00028bce   0x00028bce   0x00000002   PAD
    0x00028bd0   0x00028bd0   0x00000090   Code   RO          576    i.bsp_button_event_handler  bsp.o
    0x00028c60   0x00028c60   0x0000000c   Code   RO          577    i.bsp_button_is_pressed  bsp.o
    0x00028c6c   0x00028c6c   0x0000004c   Code   RO            7    i.bsp_event_handler  main.o
    0x00028cb8   0x00028cb8   0x00000044   Code   RO          580    i.bsp_event_to_button_action_assign  bsp.o
    0x00028cfc   0x00028cfc   0x00000018   Code   RO          581    i.bsp_indication_set  bsp.o
    0x00028d14   0x00028d14   0x00000094   Code   RO          582    i.bsp_init          bsp.o
    0x00028da8   0x00028da8   0x000001c8   Code   RO          583    i.bsp_led_indication  bsp.o
    0x00028f70   0x00028f70   0x00000006   Code   RO          585    i.bsp_wakeup_button_enable  bsp.o
    0x00028f76   0x00028f76   0x00000002   PAD
    0x00028f78   0x00028f78   0x00000094   Code   RO         6396    i.buf_prealloc      nrf_log_frontend.o
    0x0002900c   0x0002900c   0x0000002e   Code   RO         5626    i.buffer_add        nrf_fprintf_format.o
    0x0002903a   0x0002903a   0x00000002   PAD
    0x0002903c   0x0002903c   0x00000018   Code   RO         6397    i.buffer_is_empty   nrf_log_frontend.o
    0x00029054   0x00029054   0x00000028   Code   RO         4256    i.button_get        app_button.o
    0x0002907c   0x0002907c   0x00000008   Code   RO          586    i.button_timer_handler  bsp.o
    0x00029084   0x00029084   0x00000028   Code   RO         1328    i.car_update_needed  gatt_cache_manager.o
    0x000290ac   0x000290ac   0x00000040   Code   RO         1329    i.car_update_pending_handle  gatt_cache_manager.o
    0x000290ec   0x000290ec   0x0000001c   Code   RO         3506    i.channel_free      nrfx_gpiote.o
    0x00029108   0x00029108   0x00000048   Code   RO         3507    i.channel_port_alloc  nrfx_gpiote.o
    0x00029150   0x00029150   0x00000010   Code   RO         3508    i.channel_port_get  nrfx_gpiote.o
    0x00029160   0x00029160   0x0000003e   Code   RO         2162    i.claim             peer_id.o
    0x0002919e   0x0002919e   0x00000002   PAD
    0x000291a0   0x000291a0   0x00000028   Code   RO         3021    i.clock_clk_started_notify  nrf_drv_clock.o
    0x000291c8   0x000291c8   0x0000001c   Code   RO         3022    i.clock_irq_handler  nrf_drv_clock.o
    0x000291e4   0x000291e4   0x00000018   Code   RO         4514    i.compare_func      app_timer2.o
    0x000291fc   0x000291fc   0x0000003e   Code   RO         1116    i.conn_handle_list_get  ble_conn_state.o
    0x0002923a   0x0002923a   0x00000088   Code   RO          827    i.conn_int_encode   ble_advdata.o
    0x000292c2   0x000292c2   0x00000004   Code   RO            8    i.conn_params_error_handler  main.o
    0x000292c6   0x000292c6   0x00000002   PAD
    0x000292c8   0x000292c8   0x00000048   Code   RO         1025    i.conn_params_negotiation  ble_conn_params.o
    0x00029310   0x00029310   0x00000044   Code   RO         2707    i.conn_sec_failure  security_dispatcher.o
    0x00029354   0x00029354   0x000000c0   Code   RO         1757    i.data_length_update  nrf_ble_gatt.o
    0x00029414   0x00029414   0x00000030   Code   RO         1330    i.db_update_pending_handle  gatt_cache_manager.o
    0x00029444   0x00029444   0x0000008c   Code   RO         4911    i.delete_execute    fds.o
    0x000294d0   0x000294d0   0x00000048   Code   RO         4257    i.detection_delay_timeout_handler  app_button.o
    0x00029518   0x00029518   0x00000014   Code   RO         6398    i.dropped_sat16_get  nrf_log_frontend.o
    0x0002952c   0x0002952c   0x00000014   Code   RO         4743    i.drv_rtc_compare_disable  drv_rtc.o
    0x00029540   0x00029540   0x0000000e   Code   RO         4746    i.drv_rtc_compare_pending  drv_rtc.o
    0x0002954e   0x0002954e   0x00000050   Code   RO         4747    i.drv_rtc_compare_set  drv_rtc.o
    0x0002959e   0x0002959e   0x00000008   Code   RO         4748    i.drv_rtc_counter_get  drv_rtc.o
    0x000295a6   0x000295a6   0x00000002   PAD
    0x000295a8   0x000295a8   0x000000d8   Code   RO         4749    i.drv_rtc_init      drv_rtc.o
    0x00029680   0x00029680   0x0000001e   Code   RO         4750    i.drv_rtc_irq_trigger  drv_rtc.o
    0x0002969e   0x0002969e   0x00000008   Code   RO         4752    i.drv_rtc_overflow_enable  drv_rtc.o
    0x000296a6   0x000296a6   0x00000008   Code   RO         4753    i.drv_rtc_overflow_pending  drv_rtc.o
    0x000296ae   0x000296ae   0x00000008   Code   RO         4754    i.drv_rtc_start     drv_rtc.o
    0x000296b6   0x000296b6   0x00000008   Code   RO         4755    i.drv_rtc_stop      drv_rtc.o
    0x000296be   0x000296be   0x000000de   Code   RO         4760    i.drv_rtc_windowed_compare_set  drv_rtc.o
    0x0002979c   0x0002979c   0x0000000a   Code   RO         2708    i.encryption_failure  security_dispatcher.o
    0x000297a6   0x000297a6   0x00000002   PAD
    0x000297a8   0x000297a8   0x0000004c   Code   RO         5753    i.erase             nrf_fstorage_sd.o
    0x000297f4   0x000297f4   0x00000074   Code   RO         4912    i.event_prepare     fds.o
    0x00029868   0x00029868   0x00000020   Code   RO         4913    i.event_send        fds.o
    0x00029888   0x00029888   0x00000054   Code   RO         5754    i.event_send        nrf_fstorage_sd.o
    0x000298dc   0x000298dc   0x00000098   Code   RO         2846    i.events_send_from_err_code  security_manager.o
    0x00029974   0x00029974   0x00000012   Code   RO         4761    i.evt_enable        drv_rtc.o
    0x00029986   0x00029986   0x00000002   PAD
    0x00029988   0x00029988   0x000000e0   Code   RO         4258    i.evt_handle        app_button.o
    0x00029a68   0x00029a68   0x00000014   Code   RO         4762    i.evt_pending       drv_rtc.o
    0x00029a7c   0x00029a7c   0x0000001c   Code   RO         1331    i.evt_send          gatt_cache_manager.o
    0x00029a98   0x00029a98   0x0000001c   Code   RO         1493    i.evt_send          gatts_cache_manager.o
    0x00029ab4   0x00029ab4   0x0000002c   Code   RO         2253    i.evt_send          peer_manager.o
    0x00029ae0   0x00029ae0   0x0000001c   Code   RO         2709    i.evt_send          security_dispatcher.o
    0x00029afc   0x00029afc   0x0000000c   Code   RO         2847    i.evt_send          security_manager.o
    0x00029b08   0x00029b08   0x000000e0   Code   RO         1900    i.fds_evt_handler   peer_data_storage.o
    0x00029be8   0x00029be8   0x00000048   Code   RO         4915    i.fds_file_delete   fds.o
    0x00029c30   0x00029c30   0x00000040   Code   RO         4916    i.fds_gc            fds.o
    0x00029c70   0x00029c70   0x000000e4   Code   RO         4917    i.fds_init          fds.o
    0x00029d54   0x00029d54   0x00000048   Code   RO         4918    i.fds_record_close  fds.o
    0x00029d9c   0x00029d9c   0x0000000e   Code   RO         4920    i.fds_record_find   fds.o
    0x00029daa   0x00029daa   0x00000010   Code   RO         4921    i.fds_record_find_by_key  fds.o
    0x00029dba   0x00029dba   0x00000010   Code   RO         4922    i.fds_record_find_in_file  fds.o
    0x00029dca   0x00029dca   0x00000012   Code   RO         4923    i.fds_record_id_from_desc  fds.o
    0x00029ddc   0x00029ddc   0x0000004c   Code   RO         4925    i.fds_record_open   fds.o
    0x00029e28   0x00029e28   0x00000010   Code   RO         4926    i.fds_record_update  fds.o
    0x00029e38   0x00029e38   0x00000008   Code   RO         4927    i.fds_record_write  fds.o
    0x00029e40   0x00029e40   0x00000030   Code   RO         4929    i.fds_register      fds.o
    0x00029e70   0x00029e70   0x00000014   Code   RO         1901    i.file_id_within_pm_range  peer_data_storage.o
    0x00029e84   0x00029e84   0x00000012   Code   RO         2710    i.flag_id_init      security_dispatcher.o
    0x00029e96   0x00029e96   0x00000012   Code   RO         2848    i.flag_id_init      security_manager.o
    0x00029ea8   0x00029ea8   0x0000000a   Code   RO         1117    i.flag_toggle       ble_conn_state.o
    0x00029eb2   0x00029eb2   0x00000028   Code   RO          936    i.flags_set         ble_advertising.o
    0x00029eda   0x00029eda   0x00000002   PAD
    0x00029edc   0x00029edc   0x00000030   Code   RO         2849    i.flags_set_from_err_code  security_manager.o
    0x00029f0c   0x00029f0c   0x00000030   Code   RO         1118    i.for_each_set_flag  ble_conn_state.o
    0x00029f3c   0x00029f3c   0x00000006   Code   RO         4933    i.fs_event_handler  fds.o
    0x00029f42   0x00029f42   0x00000002   PAD
    0x00029f44   0x00029f44   0x00000080   Code   RO         4934    i.gc_execute        fds.o
    0x00029fc4   0x00029fc4   0x0000004c   Code   RO         4935    i.gc_next_page      fds.o
    0x0002a010   0x0002a010   0x00000040   Code   RO         4936    i.gc_page_erase     fds.o
    0x0002a050   0x0002a050   0x00000034   Code   RO         4937    i.gc_record_copy    fds.o
    0x0002a084   0x0002a084   0x00000024   Code   RO         4938    i.gc_record_find_next  fds.o
    0x0002a0a8   0x0002a0a8   0x00000070   Code   RO         4939    i.gc_state_advance  fds.o
    0x0002a118   0x0002a118   0x00000030   Code   RO         4940    i.gc_swap_pages     fds.o
    0x0002a148   0x0002a148   0x00000230   Code   RO         1332    i.gcm_ble_evt_handler  gatt_cache_manager.o
    0x0002a378   0x0002a378   0x0000003c   Code   RO         1333    i.gcm_im_evt_handler  gatt_cache_manager.o
    0x0002a3b4   0x0002a3b4   0x00000094   Code   RO         1334    i.gcm_init          gatt_cache_manager.o
    0x0002a448   0x0002a448   0x00000088   Code   RO         1337    i.gcm_pdb_evt_handler  gatt_cache_manager.o
    0x0002a4d0   0x0002a4d0   0x00000034   Code   RO         4515    i.get_now           app_timer2.o
    0x0002a504   0x0002a504   0x0000003c   Code   RO         4259    i.gpiote_event_handler  app_button.o
    0x0002a540   0x0002a540   0x0000001c   Code   RO         1494    i.gscm_db_change_notification_done  gatts_cache_manager.o
    0x0002a55c   0x0002a55c   0x00000014   Code   RO         1495    i.gscm_init         gatts_cache_manager.o
    0x0002a570   0x0002a570   0x00000090   Code   RO         1497    i.gscm_local_db_cache_apply  gatts_cache_manager.o
    0x0002a600   0x0002a600   0x000000ac   Code   RO         1498    i.gscm_local_db_cache_update  gatts_cache_manager.o
    0x0002a6ac   0x0002a6ac   0x00000018   Code   RO         1499    i.gscm_pdb_evt_handler  gatts_cache_manager.o
    0x0002a6c4   0x0002a6c4   0x0000001e   Code   RO         1500    i.gscm_service_changed_ind_needed  gatts_cache_manager.o
    0x0002a6e2   0x0002a6e2   0x00000002   PAD
    0x0002a6e4   0x0002a6e4   0x0000005c   Code   RO         1501    i.gscm_service_changed_ind_send  gatts_cache_manager.o
    0x0002a740   0x0002a740   0x0000002c   Code   RO         4941    i.header_check      fds.o
    0x0002a76c   0x0002a76c   0x00000012   Code   RO         4942    i.header_has_next   fds.o
    0x0002a77e   0x0002a77e   0x00000046   Code   RO         1590    i.im_address_resolve  id_manager.o
    0x0002a7c4   0x0002a7c4   0x00000038   Code   RO         1591    i.im_ble_addr_get   id_manager.o
    0x0002a7fc   0x0002a7fc   0x000000dc   Code   RO         1592    i.im_ble_evt_handler  id_manager.o
    0x0002a8d8   0x0002a8d8   0x00000040   Code   RO         1593    i.im_conn_handle_get  id_manager.o
    0x0002a918   0x0002a918   0x00000038   Code   RO         1595    i.im_find_duplicate_bonding_data  id_manager.o
    0x0002a950   0x0002a950   0x00000072   Code   RO         1598    i.im_is_duplicate_bonding_data  id_manager.o
    0x0002a9c2   0x0002a9c2   0x00000018   Code   RO         1599    i.im_master_id_is_valid  id_manager.o
    0x0002a9da   0x0002a9da   0x0000002a   Code   RO         1600    i.im_master_ids_compare  id_manager.o
    0x0002aa04   0x0002aa04   0x00000014   Code   RO         1601    i.im_new_peer_id    id_manager.o
    0x0002aa18   0x0002aa18   0x0000002c   Code   RO         1602    i.im_peer_free      id_manager.o
    0x0002aa44   0x0002aa44   0x00000024   Code   RO         1603    i.im_peer_id_get_by_conn_handle  id_manager.o
    0x0002aa68   0x0002aa68   0x0000003c   Code   RO         1604    i.im_peer_id_get_by_master_id  id_manager.o
    0x0002aaa4   0x0002aaa4   0x00000034   Code   RO         5755    i.init              nrf_fstorage_sd.o
    0x0002aad8   0x0002aad8   0x000000c8   Code   RO         4943    i.init_execute      fds.o
    0x0002aba0   0x0002aba0   0x00000014   Code   RO         1026    i.instance_get      ble_conn_params.o
    0x0002abb4   0x0002abb4   0x000000a6   Code   RO         5627    i.int_print         nrf_fprintf_format.o
    0x0002ac5a   0x0002ac5a   0x00000002   PAD
    0x0002ac5c   0x0002ac5c   0x00000088   Code   RO         4083    i.interrupts_enable  nrfx_uarte.o
    0x0002ace4   0x0002ace4   0x00000034   Code   RO         6399    i.invalid_packets_omit  nrf_log_frontend.o
    0x0002ad18   0x0002ad18   0x00000010   Code   RO         5756    i.is_busy           nrf_fstorage_sd.o
    0x0002ad28   0x0002ad28   0x00000044   Code   RO         1027    i.is_conn_params_ok  ble_conn_params.o
    0x0002ad6c   0x0002ad6c   0x00000014   Code   RO         1609    i.is_valid_irk      id_manager.o
    0x0002ad80   0x0002ad80   0x0000000c   Code   RO         4944    i.is_word_aligned   fds.o
    0x0002ad8c   0x0002ad8c   0x00000030   Code   RO          587    i.leds_off          bsp.o
    0x0002adbc   0x0002adbc   0x00000014   Code   RO          588    i.leds_timer_handler  bsp.o
    0x0002add0   0x0002add0   0x00000014   Code   RO         1758    i.link_init         nrf_ble_gatt.o
    0x0002ade4   0x0002ade4   0x000000d0   Code   RO         2850    i.link_secure       security_manager.o
    0x0002aeb4   0x0002aeb4   0x0000003c   Code   RO         2711    i.link_secure_failure  security_dispatcher.o
    0x0002aef0   0x0002aef0   0x0000002c   Code   RO         2851    i.link_secure_pending_handle  security_manager.o
    0x0002af1c   0x0002af1c   0x000000a8   Code   RO         1338    i.local_db_apply_in_evt  gatt_cache_manager.o
    0x0002afc4   0x0002afc4   0x00000010   Code   RO         1339    i.local_db_update   gatt_cache_manager.o
    0x0002afd4   0x0002afd4   0x0000010c   Code   RO         1340    i.local_db_update_in_evt  gatt_cache_manager.o
    0x0002b0e0   0x0002b0e0   0x000000a4   Code   RO         6400    i.log_skip          nrf_log_frontend.o
    0x0002b184   0x0002b184   0x0000022c   Code   RO            9    i.main              main.o
    0x0002b3b0   0x0002b3b0   0x00000064   Code   RO          828    i.manuf_specific_data_encode  ble_advdata.o
    0x0002b414   0x0002b414   0x0000007e   Code   RO         5865    i.memobj_op         nrf_memobj.o
    0x0002b492   0x0002b492   0x00000002   PAD
    0x0002b494   0x0002b494   0x00000030   Code   RO         6401    i.module_idx_get    nrf_log_frontend.o
    0x0002b4c4   0x0002b4c4   0x00000008   Code   RO         2658    i.mutex_lock_status_get  pm_buffer.o
    0x0002b4cc   0x0002b4cc   0x000000a6   Code   RO          829    i.name_encode       ble_advdata.o
    0x0002b572   0x0002b572   0x00000002   PAD
    0x0002b574   0x0002b574   0x00000014   Code   RO         2852    i.new_context_get   security_manager.o
    0x0002b588   0x0002b588   0x00000032   Code   RO         2853    i.new_evt           security_manager.o
    0x0002b5ba   0x0002b5ba   0x00000030   Code   RO         2163    i.next_id_get       peer_id.o
    0x0002b5ea   0x0002b5ea   0x00000010   Code   RO         5280    i.nrf_atfifo_clear  nrf_atfifo.o
    0x0002b5fa   0x0002b5fa   0x00000026   Code   RO         5282    i.nrf_atfifo_init   nrf_atfifo.o
    0x0002b620   0x0002b620   0x00000016   Code   RO         5283    i.nrf_atfifo_item_alloc  nrf_atfifo.o
    0x0002b636   0x0002b636   0x00000016   Code   RO         5284    i.nrf_atfifo_item_free  nrf_atfifo.o
    0x0002b64c   0x0002b64c   0x00000016   Code   RO         5285    i.nrf_atfifo_item_get  nrf_atfifo.o
    0x0002b662   0x0002b662   0x00000016   Code   RO         5286    i.nrf_atfifo_item_put  nrf_atfifo.o
    0x0002b678   0x0002b678   0x00000016   Code   RO         5348    i.nrf_atflags_clear  nrf_atflags.o
    0x0002b68e   0x0002b68e   0x00000020   Code   RO         5350    i.nrf_atflags_fetch_set  nrf_atflags.o
    0x0002b6ae   0x0002b6ae   0x0000004a   Code   RO         5352    i.nrf_atflags_find_and_set_flag  nrf_atflags.o
    0x0002b6f8   0x0002b6f8   0x00000016   Code   RO         5353    i.nrf_atflags_get   nrf_atflags.o
    0x0002b70e   0x0002b70e   0x00000014   Code   RO         5355    i.nrf_atflags_set   nrf_atflags.o
    0x0002b722   0x0002b722   0x00000006   Code   RO         5416    i.nrf_atomic_flag_clear_fetch  nrf_atomic.o
    0x0002b728   0x0002b728   0x00000006   Code   RO         5417    i.nrf_atomic_flag_set  nrf_atomic.o
    0x0002b72e   0x0002b72e   0x00000006   Code   RO         5418    i.nrf_atomic_flag_set_fetch  nrf_atomic.o
    0x0002b734   0x0002b734   0x0000000c   Code   RO         5419    i.nrf_atomic_u32_add  nrf_atomic.o
    0x0002b740   0x0002b740   0x0000000c   Code   RO         5420    i.nrf_atomic_u32_and  nrf_atomic.o
    0x0002b74c   0x0002b74c   0x0000000a   Code   RO         5422    i.nrf_atomic_u32_fetch_add  nrf_atomic.o
    0x0002b756   0x0002b756   0x0000000a   Code   RO         5423    i.nrf_atomic_u32_fetch_and  nrf_atomic.o
    0x0002b760   0x0002b760   0x0000000a   Code   RO         5424    i.nrf_atomic_u32_fetch_or  nrf_atomic.o
    0x0002b76a   0x0002b76a   0x0000000a   Code   RO         5425    i.nrf_atomic_u32_fetch_store  nrf_atomic.o
    0x0002b774   0x0002b774   0x0000000c   Code   RO         5429    i.nrf_atomic_u32_or  nrf_atomic.o
    0x0002b780   0x0002b780   0x0000000c   Code   RO         5431    i.nrf_atomic_u32_sub  nrf_atomic.o
    0x0002b78c   0x0002b78c   0x00000044   Code   RO         5550    i.nrf_balloc_alloc  nrf_balloc.o
    0x0002b7d0   0x0002b7d0   0x00000030   Code   RO         5551    i.nrf_balloc_free   nrf_balloc.o
    0x0002b800   0x0002b800   0x00000030   Code   RO         5552    i.nrf_balloc_init   nrf_balloc.o
    0x0002b830   0x0002b830   0x00000010   Code   RO         3509    i.nrf_bitmask_bit_is_set  nrfx_gpiote.o
    0x0002b840   0x0002b840   0x00000022   Code   RO         1764    i.nrf_ble_gatt_init  nrf_ble_gatt.o
    0x0002b862   0x0002b862   0x00000002   PAD
    0x0002b864   0x0002b864   0x00000150   Code   RO         1765    i.nrf_ble_gatt_on_ble_evt  nrf_ble_gatt.o
    0x0002b9b4   0x0002b9b4   0x00000016   Code   RO         1859    i.nrf_ble_qwr_conn_handle_assign  nrf_ble_qwr.o
    0x0002b9ca   0x0002b9ca   0x00000024   Code   RO         1860    i.nrf_ble_qwr_init  nrf_ble_qwr.o
    0x0002b9ee   0x0002b9ee   0x000000b6   Code   RO         1861    i.nrf_ble_qwr_on_ble_evt  nrf_ble_qwr.o
    0x0002baa4   0x0002baa4   0x0000000e   Code   RO         3367    i.nrf_clock_event_check  nrfx_clock.o
    0x0002bab2   0x0002bab2   0x00000010   Code   RO         3368    i.nrf_clock_event_clear  nrfx_clock.o
    0x0002bac2   0x0002bac2   0x00000002   PAD
    0x0002bac4   0x0002bac4   0x00000040   Code   RO         3029    i.nrf_drv_clock_init  nrf_drv_clock.o
    0x0002bb04   0x0002bb04   0x00000034   Code   RO         3033    i.nrf_drv_clock_lfclk_release  nrf_drv_clock.o
    0x0002bb38   0x0002bb38   0x00000068   Code   RO         3175    i.nrf_drv_uart_init  nrf_drv_uart.o
    0x0002bba0   0x0002bba0   0x0000001a   Code   RO         5587    i.nrf_fprintf       nrf_fprintf.o
    0x0002bbba   0x0002bbba   0x00000018   Code   RO         5588    i.nrf_fprintf_buffer_flush  nrf_fprintf.o
    0x0002bbd2   0x0002bbd2   0x000001da   Code   RO         5628    i.nrf_fprintf_fmt   nrf_fprintf_format.o
    0x0002bdac   0x0002bdac   0x00000138   Code   RO         5668    i.nrf_fstorage_erase  nrf_fstorage.o
    0x0002bee4   0x0002bee4   0x00000094   Code   RO         5669    i.nrf_fstorage_init  nrf_fstorage.o
    0x0002bf78   0x0002bf78   0x00000018   Code   RO         5757    i.nrf_fstorage_sdh_req_handler  nrf_fstorage_sd.o
    0x0002bf90   0x0002bf90   0x00000020   Code   RO         5758    i.nrf_fstorage_sdh_state_handler  nrf_fstorage_sd.o
    0x0002bfb0   0x0002bfb0   0x000000a4   Code   RO         5759    i.nrf_fstorage_sys_evt_handler  nrf_fstorage_sd.o
    0x0002c054   0x0002c054   0x000001dc   Code   RO         5675    i.nrf_fstorage_write  nrf_fstorage.o
    0x0002c230   0x0002c230   0x00000032   Code   RO          479    i.nrf_gpio_cfg      boards.o
    0x0002c262   0x0002c262   0x00000032   Code   RO         3510    i.nrf_gpio_cfg      nrfx_gpiote.o
    0x0002c294   0x0002c294   0x00000032   Code   RO         3885    i.nrf_gpio_cfg      nrfx_uart.o
    0x0002c2c6   0x0002c2c6   0x00000032   Code   RO         4084    i.nrf_gpio_cfg      nrfx_uarte.o
    0x0002c2f8   0x0002c2f8   0x00000012   Code   RO         3886    i.nrf_gpio_cfg_default  nrfx_uart.o
    0x0002c30a   0x0002c30a   0x00000012   Code   RO         4085    i.nrf_gpio_cfg_default  nrfx_uarte.o
    0x0002c31c   0x0002c31c   0x00000012   Code   RO         3887    i.nrf_gpio_cfg_input  nrfx_uart.o
    0x0002c32e   0x0002c32e   0x00000012   Code   RO         4086    i.nrf_gpio_cfg_input  nrfx_uarte.o
    0x0002c340   0x0002c340   0x00000014   Code   RO         3888    i.nrf_gpio_cfg_output  nrfx_uart.o
    0x0002c354   0x0002c354   0x00000014   Code   RO         4087    i.nrf_gpio_cfg_output  nrfx_uarte.o
    0x0002c368   0x0002c368   0x00000030   Code   RO         3512    i.nrf_gpio_cfg_sense_set  nrfx_gpiote.o
    0x0002c398   0x0002c398   0x00000030   Code   RO         3513    i.nrf_gpio_latches_read_and_clear  nrfx_gpiote.o
    0x0002c3c8   0x0002c3c8   0x0000001c   Code   RO          480    i.nrf_gpio_pin_port_decode  boards.o
    0x0002c3e4   0x0002c3e4   0x0000001c   Code   RO         3515    i.nrf_gpio_pin_port_decode  nrfx_gpiote.o
    0x0002c400   0x0002c400   0x0000001c   Code   RO         3889    i.nrf_gpio_pin_port_decode  nrfx_uart.o
    0x0002c41c   0x0002c41c   0x0000001c   Code   RO         4088    i.nrf_gpio_pin_port_decode  nrfx_uarte.o
    0x0002c438   0x0002c438   0x0000002c   Code   RO         3516    i.nrf_gpio_pin_present_check  nrfx_gpiote.o
    0x0002c464   0x0002c464   0x00000016   Code   RO         3517    i.nrf_gpio_pin_read  nrfx_gpiote.o
    0x0002c47a   0x0002c47a   0x00000014   Code   RO         3890    i.nrf_gpio_pin_set  nrfx_uart.o
    0x0002c48e   0x0002c48e   0x00000014   Code   RO         4089    i.nrf_gpio_pin_set  nrfx_uarte.o
    0x0002c4a2   0x0002c4a2   0x00000026   Code   RO          481    i.nrf_gpio_pin_write  boards.o
    0x0002c4c8   0x0002c4c8   0x00000014   Code   RO         3519    i.nrf_gpiote_event_clear  nrfx_gpiote.o
    0x0002c4dc   0x0002c4dc   0x00000010   Code   RO         3520    i.nrf_gpiote_event_is_set  nrfx_gpiote.o
    0x0002c4ec   0x0002c4ec   0x0000005c   Code   RO         6402    i.nrf_log_backend_add  nrf_log_frontend.o
    0x0002c548   0x0002c548   0x000000c8   Code   RO         6247    i.nrf_log_backend_serial_put  nrf_log_backend_serial.o
    0x0002c610   0x0002c610   0x00000002   Code   RO         6287    i.nrf_log_backend_uart_flush  nrf_log_backend_uart.o
    0x0002c612   0x0002c612   0x00000006   Code   RO         6288    i.nrf_log_backend_uart_init  nrf_log_backend_uart.o
    0x0002c618   0x0002c618   0x0000002c   Code   RO         6289    i.nrf_log_backend_uart_panic_set  nrf_log_backend_uart.o
    0x0002c644   0x0002c644   0x00000018   Code   RO         6290    i.nrf_log_backend_uart_put  nrf_log_backend_uart.o
    0x0002c65c   0x0002c65c   0x00000030   Code   RO         6404    i.nrf_log_color_id_get  nrf_log_frontend.o
    0x0002c68c   0x0002c68c   0x0000001c   Code   RO         6360    i.nrf_log_default_backends_init  nrf_log_default_backends.o
    0x0002c6a8   0x0002c6a8   0x00000238   Code   RO         6405    i.nrf_log_frontend_dequeue  nrf_log_frontend.o
    0x0002c8e0   0x0002c8e0   0x00000008   Code   RO         6407    i.nrf_log_frontend_std_0  nrf_log_frontend.o
    0x0002c8e8   0x0002c8e8   0x0000000e   Code   RO         6408    i.nrf_log_frontend_std_1  nrf_log_frontend.o
    0x0002c8f6   0x0002c8f6   0x00000010   Code   RO         6409    i.nrf_log_frontend_std_2  nrf_log_frontend.o
    0x0002c906   0x0002c906   0x00000012   Code   RO         6410    i.nrf_log_frontend_std_3  nrf_log_frontend.o
    0x0002c918   0x0002c918   0x000000b0   Code   RO         6583    i.nrf_log_hexdump_entry_process  nrf_log_str_formatter.o
    0x0002c9c8   0x0002c9c8   0x00000028   Code   RO         6414    i.nrf_log_init      nrf_log_frontend.o
    0x0002c9f0   0x0002c9f0   0x00000014   Code   RO         6415    i.nrf_log_module_cnt_get  nrf_log_frontend.o
    0x0002ca04   0x0002ca04   0x0000001c   Code   RO         6418    i.nrf_log_module_name_get  nrf_log_frontend.o
    0x0002ca20   0x0002ca20   0x00000028   Code   RO         6419    i.nrf_log_panic     nrf_log_frontend.o
    0x0002ca48   0x0002ca48   0x000000b6   Code   RO         6584    i.nrf_log_std_entry_process  nrf_log_str_formatter.o
    0x0002cafe   0x0002cafe   0x00000060   Code   RO         5866    i.nrf_memobj_alloc  nrf_memobj.o
    0x0002cb5e   0x0002cb5e   0x00000032   Code   RO         5867    i.nrf_memobj_free   nrf_memobj.o
    0x0002cb90   0x0002cb90   0x00000008   Code   RO         5868    i.nrf_memobj_get    nrf_memobj.o
    0x0002cb98   0x0002cb98   0x00000004   Code   RO         5869    i.nrf_memobj_pool_init  nrf_memobj.o
    0x0002cb9c   0x0002cb9c   0x0000001e   Code   RO         5870    i.nrf_memobj_put    nrf_memobj.o
    0x0002cbba   0x0002cbba   0x00000010   Code   RO         5871    i.nrf_memobj_read   nrf_memobj.o
    0x0002cbca   0x0002cbca   0x00000010   Code   RO         5872    i.nrf_memobj_write  nrf_memobj.o
    0x0002cbda   0x0002cbda   0x00000002   PAD
    0x0002cbdc   0x0002cbdc   0x00000028   Code   RO         5944    i.nrf_pwr_mgmt_init  nrf_pwr_mgmt.o
    0x0002cc04   0x0002cc04   0x00000044   Code   RO         5945    i.nrf_pwr_mgmt_run  nrf_pwr_mgmt.o
    0x0002cc48   0x0002cc48   0x00000004   Code   RO           10    i.nrf_qwr_error_handler  main.o
    0x0002cc4c   0x0002cc4c   0x0000001c   Code   RO         6018    i.nrf_ringbuf_init  nrf_ringbuf.o
    0x0002cc68   0x0002cc68   0x0000000c   Code   RO         4763    i.nrf_rtc_event_clear  drv_rtc.o
    0x0002cc74   0x0002cc74   0x00000014   Code   RO         7118    i.nrf_sdh_ble_app_ram_start_get  nrf_sdh_ble.o
    0x0002cc88   0x0002cc88   0x00000100   Code   RO         7119    i.nrf_sdh_ble_default_cfg_set  nrf_sdh_ble.o
    0x0002cd88   0x0002cd88   0x00000130   Code   RO         7120    i.nrf_sdh_ble_enable  nrf_sdh_ble.o
    0x0002ceb8   0x0002ceb8   0x0000005c   Code   RO         7121    i.nrf_sdh_ble_evts_poll  nrf_sdh_ble.o
    0x0002cf14   0x0002cf14   0x00000054   Code   RO         6999    i.nrf_sdh_disable_request  nrf_sdh.o
    0x0002cf68   0x0002cf68   0x00000074   Code   RO         7000    i.nrf_sdh_enable_request  nrf_sdh.o
    0x0002cfdc   0x0002cfdc   0x00000024   Code   RO         7001    i.nrf_sdh_evts_poll  nrf_sdh.o
    0x0002d000   0x0002d000   0x0000000c   Code   RO         7002    i.nrf_sdh_is_enabled  nrf_sdh.o
    0x0002d00c   0x0002d00c   0x0000001c   Code   RO         7004    i.nrf_sdh_request_continue  nrf_sdh.o
    0x0002d028   0x0002d028   0x0000003c   Code   RO         7172    i.nrf_sdh_soc_evts_poll  nrf_sdh_soc.o
    0x0002d064   0x0002d064   0x0000000a   Code   RO         6076    i.nrf_section_iter_init  nrf_section_iter.o
    0x0002d06e   0x0002d06e   0x00000024   Code   RO         6077    i.nrf_section_iter_item_set  nrf_section_iter.o
    0x0002d092   0x0002d092   0x00000020   Code   RO         6078    i.nrf_section_iter_next  nrf_section_iter.o
    0x0002d0b2   0x0002d0b2   0x00000022   Code   RO         6111    i.nrf_sortlist_add  nrf_sortlist.o
    0x0002d0d4   0x0002d0d4   0x00000006   Code   RO         6113    i.nrf_sortlist_peek  nrf_sortlist.o
    0x0002d0da   0x0002d0da   0x0000000e   Code   RO         6114    i.nrf_sortlist_pop  nrf_sortlist.o
    0x0002d0e8   0x0002d0e8   0x0000001e   Code   RO         6115    i.nrf_sortlist_remove  nrf_sortlist.o
    0x0002d106   0x0002d106   0x00000002   PAD
    0x0002d108   0x0002d108   0x00000038   Code   RO         6167    i.nrf_strerror_find  nrf_strerror.o
    0x0002d140   0x0002d140   0x00000014   Code   RO         6168    i.nrf_strerror_get  nrf_strerror.o
    0x0002d154   0x0002d154   0x0000000a   Code   RO         3891    i.nrf_uart_event_check  nrfx_uart.o
    0x0002d15e   0x0002d15e   0x0000000c   Code   RO         3892    i.nrf_uart_event_clear  nrfx_uart.o
    0x0002d16a   0x0002d16a   0x0000000c   Code   RO         3893    i.nrf_uart_int_enable_check  nrfx_uart.o
    0x0002d176   0x0002d176   0x0000000a   Code   RO         4090    i.nrf_uarte_event_check  nrfx_uarte.o
    0x0002d180   0x0002d180   0x0000000c   Code   RO         4091    i.nrf_uarte_event_clear  nrfx_uarte.o
    0x0002d18c   0x0002d18c   0x00000010   Code   RO         3036    i.nrf_wdt_started   nrf_drv_clock.o
    0x0002d19c   0x0002d19c   0x0000002c   Code   RO         3373    i.nrfx_clock_enable  nrfx_clock.o
    0x0002d1c8   0x0002d1c8   0x00000020   Code   RO         3376    i.nrfx_clock_init   nrfx_clock.o
    0x0002d1e8   0x0002d1e8   0x00000030   Code   RO         3379    i.nrfx_clock_lfclk_stop  nrfx_clock.o
    0x0002d218   0x0002d218   0x00000010   Code   RO         4764    i.nrfx_coredep_delay_us  drv_rtc.o
    0x0002d228   0x0002d228   0x00000098   Code   RO         3526    i.nrfx_gpiote_in_event_enable  nrfx_gpiote.o
    0x0002d2c0   0x0002d2c0   0x000000d0   Code   RO         3528    i.nrfx_gpiote_in_init  nrfx_gpiote.o
    0x0002d390   0x0002d390   0x0000000e   Code   RO         3529    i.nrfx_gpiote_in_is_set  nrfx_gpiote.o
    0x0002d39e   0x0002d39e   0x00000002   PAD
    0x0002d3a0   0x0002d3a0   0x00000078   Code   RO         3531    i.nrfx_gpiote_init  nrfx_gpiote.o
    0x0002d418   0x0002d418   0x00000014   Code   RO         3532    i.nrfx_gpiote_is_init  nrfx_gpiote.o
    0x0002d42c   0x0002d42c   0x00000010   Code   RO         4092    i.nrfx_is_in_ram    nrfx_uarte.o
    0x0002d43c   0x0002d43c   0x0000003a   Code   RO         3831    i.nrfx_prs_acquire  nrfx_prs.o
    0x0002d476   0x0002d476   0x00000012   Code   RO         3832    i.nrfx_prs_release  nrfx_prs.o
    0x0002d488   0x0002d488   0x00000010   Code   RO         3894    i.nrfx_uart_0_irq_handler  nrfx_uart.o
    0x0002d498   0x0002d498   0x000000d4   Code   RO         3896    i.nrfx_uart_init    nrfx_uart.o
    0x0002d56c   0x0002d56c   0x000000a8   Code   RO         3902    i.nrfx_uart_tx      nrfx_uart.o
    0x0002d614   0x0002d614   0x00000020   Code   RO         3904    i.nrfx_uart_tx_in_progress  nrfx_uart.o
    0x0002d634   0x0002d634   0x000000c0   Code   RO         3905    i.nrfx_uart_uninit  nrfx_uart.o
    0x0002d6f4   0x0002d6f4   0x00000010   Code   RO         4093    i.nrfx_uarte_0_irq_handler  nrfx_uarte.o
    0x0002d704   0x0002d704   0x0000006c   Code   RO         4095    i.nrfx_uarte_init   nrfx_uarte.o
    0x0002d770   0x0002d770   0x000000ac   Code   RO         4099    i.nrfx_uarte_tx     nrfx_uarte.o
    0x0002d81c   0x0002d81c   0x0000001c   Code   RO         4101    i.nrfx_uarte_tx_in_progress  nrfx_uarte.o
    0x0002d838   0x0002d838   0x00000108   Code   RO         4102    i.nrfx_uarte_uninit  nrfx_uarte.o
    0x0002d940   0x0002d940   0x00000054   Code   RO           11    i.on_adv_evt        main.o
    0x0002d994   0x0002d994   0x0000001c   Code   RO           12    i.on_conn_params_evt  main.o
    0x0002d9b0   0x0002d9b0   0x000000a8   Code   RO         1766    i.on_connected_evt  nrf_ble_gatt.o
    0x0002da58   0x0002da58   0x000000ac   Code   RO         1767    i.on_exchange_mtu_request_evt  nrf_ble_gatt.o
    0x0002db04   0x0002db04   0x000000e8   Code   RO          410    i.our_char_add      our_service.o
    0x0002dbec   0x0002dbec   0x00000048   Code   RO          411    i.our_service_init  our_service.o
    0x0002dc34   0x0002dc34   0x0000003c   Code   RO          412    i.our_temperature_characteristic_update  our_service.o
    0x0002dc70   0x0002dc70   0x00000024   Code   RO         4945    i.page_identify     fds.o
    0x0002dc94   0x0002dc94   0x0000001c   Code   RO         4946    i.page_offsets_update  fds.o
    0x0002dcb0   0x0002dcb0   0x0000006c   Code   RO         4947    i.page_scan         fds.o
    0x0002dd1c   0x0002dd1c   0x0000001c   Code   RO         4948    i.page_tag_write_data  fds.o
    0x0002dd38   0x0002dd38   0x00000024   Code   RO         4949    i.page_tag_write_swap  fds.o
    0x0002dd5c   0x0002dd5c   0x00000130   Code   RO         4950    i.pages_init        fds.o
    0x0002de8c   0x0002de8c   0x0000000c   Code   RO         2712    i.pairing           security_dispatcher.o
    0x0002de98   0x0002de98   0x00000074   Code   RO         2713    i.pairing_failure   security_dispatcher.o
    0x0002df0c   0x0002df0c   0x0000002e   Code   RO         2714    i.pairing_success_evt_send  security_dispatcher.o
    0x0002df3a   0x0002df3a   0x00000006   Code   RO         2854    i.params_reply_pending_handle  security_manager.o
    0x0002df40   0x0002df40   0x00000020   Code   RO         2855    i.params_req_send   security_manager.o
    0x0002df60   0x0002df60   0x0000001c   Code   RO         2043    i.pdb_evt_send      peer_database.o
    0x0002df7c   0x0002df7c   0x00000090   Code   RO         2044    i.pdb_init          peer_database.o
    0x0002e00c   0x0002e00c   0x0000007c   Code   RO         2045    i.pdb_pds_evt_handler  peer_database.o
    0x0002e088   0x0002e088   0x00000006   Code   RO         2046    i.pdb_peer_data_ptr_get  peer_database.o
    0x0002e08e   0x0002e08e   0x00000002   PAD
    0x0002e090   0x0002e090   0x0000008c   Code   RO         2047    i.pdb_peer_free     peer_database.o
    0x0002e11c   0x0002e11c   0x000000dc   Code   RO         2048    i.pdb_write_buf_get  peer_database.o
    0x0002e1f8   0x0002e1f8   0x00000014   Code   RO         2049    i.pdb_write_buf_release  peer_database.o
    0x0002e20c   0x0002e20c   0x00000036   Code   RO         2050    i.pdb_write_buf_store  peer_database.o
    0x0002e242   0x0002e242   0x00000002   PAD
    0x0002e244   0x0002e244   0x00000010   Code   RO         1902    i.pds_evt_send      peer_data_storage.o
    0x0002e254   0x0002e254   0x000000dc   Code   RO         1903    i.pds_init          peer_data_storage.o
    0x0002e330   0x0002e330   0x00000004   Code   RO         1904    i.pds_next_deleted_peer_id_get  peer_data_storage.o
    0x0002e334   0x0002e334   0x00000004   Code   RO         1905    i.pds_next_peer_id_get  peer_data_storage.o
    0x0002e338   0x0002e338   0x00000058   Code   RO         1908    i.pds_peer_data_iterate  peer_data_storage.o
    0x0002e390   0x0002e390   0x00000010   Code   RO         1909    i.pds_peer_data_iterate_prepare  peer_data_storage.o
    0x0002e3a0   0x0002e3a0   0x00000072   Code   RO         1910    i.pds_peer_data_read  peer_data_storage.o
    0x0002e412   0x0002e412   0x00000002   PAD
    0x0002e414   0x0002e414   0x000000b4   Code   RO         1911    i.pds_peer_data_store  peer_data_storage.o
    0x0002e4c8   0x0002e4c8   0x00000008   Code   RO         1912    i.pds_peer_id_allocate  peer_data_storage.o
    0x0002e4d0   0x0002e4d0   0x00000016   Code   RO         1913    i.pds_peer_id_free  peer_data_storage.o
    0x0002e4e6   0x0002e4e6   0x00000004   Code   RO         1914    i.pds_peer_id_is_allocated  peer_data_storage.o
    0x0002e4ea   0x0002e4ea   0x00000002   PAD
    0x0002e4ec   0x0002e4ec   0x000000a8   Code   RO         1916    i.peer_data_delete_process  peer_data_storage.o
    0x0002e594   0x0002e594   0x00000030   Code   RO         1917    i.peer_data_find    peer_data_storage.o
    0x0002e5c4   0x0002e5c4   0x00000024   Code   RO         1918    i.peer_data_id_is_valid  peer_data_storage.o
    0x0002e5e8   0x0002e5e8   0x0000001a   Code   RO         2051    i.peer_data_point_to_buffer  peer_database.o
    0x0002e602   0x0002e602   0x00000002   PAD
    0x0002e604   0x0002e604   0x0000000c   Code   RO         2164    i.peer_id_allocate  peer_id.o
    0x0002e610   0x0002e610   0x00000024   Code   RO         2165    i.peer_id_delete    peer_id.o
    0x0002e634   0x0002e634   0x0000001c   Code   RO         2166    i.peer_id_free      peer_id.o
    0x0002e650   0x0002e650   0x0000000c   Code   RO         2167    i.peer_id_get_next_deleted  peer_id.o
    0x0002e65c   0x0002e65c   0x00000030   Code   RO         2168    i.peer_id_get_next_used  peer_id.o
    0x0002e68c   0x0002e68c   0x0000000c   Code   RO         2169    i.peer_id_init      peer_id.o
    0x0002e698   0x0002e698   0x00000014   Code   RO         2170    i.peer_id_is_allocated  peer_id.o
    0x0002e6ac   0x0002e6ac   0x00000014   Code   RO         2171    i.peer_id_is_deleted  peer_id.o
    0x0002e6c0   0x0002e6c0   0x0000006c   Code   RO           13    i.peer_manager_init  main.o
    0x0002e72c   0x0002e72c   0x00000016   Code   RO          937    i.phy_is_valid      ble_advertising.o
    0x0002e742   0x0002e742   0x00000002   PAD
    0x0002e744   0x0002e744   0x0000001c   Code   RO         3550    i.pin_configured_set  nrfx_gpiote.o
    0x0002e760   0x0002e760   0x00000018   Code   RO         3551    i.pin_in_use_by_port  nrfx_gpiote.o
    0x0002e778   0x0002e778   0x00000018   Code   RO         3552    i.pin_in_use_by_te  nrfx_gpiote.o
    0x0002e790   0x0002e790   0x00000064   Code   RO         2659    i.pm_buffer_block_acquire  pm_buffer.o
    0x0002e7f4   0x0002e7f4   0x00000024   Code   RO         2660    i.pm_buffer_init    pm_buffer.o
    0x0002e818   0x0002e818   0x00000028   Code   RO         2661    i.pm_buffer_ptr_get  pm_buffer.o
    0x0002e840   0x0002e840   0x00000032   Code   RO         2662    i.pm_buffer_release  pm_buffer.o
    0x0002e872   0x0002e872   0x0000000a   Code   RO         2256    i.pm_conn_sec_config_reply  peer_manager.o
    0x0002e87c   0x0002e87c   0x000000fc   Code   RO           14    i.pm_evt_handler    main.o
    0x0002e978   0x0002e978   0x00000004   Code   RO         2261    i.pm_gcm_evt_handler  peer_manager.o
    0x0002e97c   0x0002e97c   0x00000004   Code   RO         2262    i.pm_gscm_evt_handler  peer_manager.o
    0x0002e980   0x0002e980   0x00000004   Code   RO         2265    i.pm_im_evt_handler  peer_manager.o
    0x0002e984   0x0002e984   0x000001bc   Code   RO         2266    i.pm_init           peer_manager.o
    0x0002eb40   0x0002eb40   0x00000118   Code   RO         2270    i.pm_pdb_evt_handler  peer_manager.o
    0x0002ec58   0x0002ec58   0x00000014   Code   RO         2281    i.pm_peer_delete    peer_manager.o
    0x0002ec6c   0x0002ec6c   0x000000e8   Code   RO         2286    i.pm_peer_ranks_get  peer_manager.o
    0x0002ed54   0x0002ed54   0x00000094   Code   RO         2287    i.pm_peers_delete   peer_manager.o
    0x0002ede8   0x0002ede8   0x0000002c   Code   RO         2290    i.pm_register       peer_manager.o
    0x0002ee14   0x0002ee14   0x00000014   Code   RO         2292    i.pm_sec_params_set  peer_manager.o
    0x0002ee28   0x0002ee28   0x0000000a   Code   RO         2293    i.pm_sm_evt_handler  peer_manager.o
    0x0002ee32   0x0002ee32   0x00000002   PAD
    0x0002ee34   0x0002ee34   0x000000d0   Code   RO         3553    i.port_event_handle  nrfx_gpiote.o
    0x0002ef04   0x0002ef04   0x00000010   Code   RO         3554    i.port_handler_polarity_get  nrfx_gpiote.o
    0x0002ef14   0x0002ef14   0x0000003c   Code   RO         6586    i.postfix_process   nrf_log_str_formatter.o
    0x0002ef50   0x0002ef50   0x00000098   Code   RO         6587    i.prefix_process    nrf_log_str_formatter.o
    0x0002efe8   0x0002efe8   0x00000018   Code   RO         3833    i.prs_box_get       nrfx_prs.o
    0x0002f000   0x0002f000   0x0000001c   Code   RO         4951    i.queue_buf_get     fds.o
    0x0002f01c   0x0002f01c   0x00000010   Code   RO         4952    i.queue_buf_store   fds.o
    0x0002f02c   0x0002f02c   0x00000014   Code   RO         5760    i.queue_free        nrf_fstorage_sd.o
    0x0002f040   0x0002f040   0x000000a4   Code   RO         4953    i.queue_process     fds.o
    0x0002f0e4   0x0002f0e4   0x000000a0   Code   RO         5761    i.queue_process     nrf_fstorage_sd.o
    0x0002f184   0x0002f184   0x0000001c   Code   RO         4954    i.queue_start       fds.o
    0x0002f1a0   0x0002f1a0   0x00000024   Code   RO         5762    i.queue_start       nrf_fstorage_sd.o
    0x0002f1c4   0x0002f1c4   0x00000034   Code   RO         2296    i.rank_vars_update  peer_manager.o
    0x0002f1f8   0x0002f1f8   0x0000000e   Code   RO         5763    i.read              nrf_fstorage_sd.o
    0x0002f206   0x0002f206   0x00000002   PAD
    0x0002f208   0x0002f208   0x000000a8   Code   RO         2052    i.reattempt_previous_operations  peer_database.o
    0x0002f2b0   0x0002f2b0   0x00000090   Code   RO         4955    i.record_find       fds.o
    0x0002f340   0x0002f340   0x000000a0   Code   RO         4956    i.record_find_by_desc  fds.o
    0x0002f3e0   0x0002f3e0   0x0000005c   Code   RO         4957    i.record_find_next  fds.o
    0x0002f43c   0x0002f43c   0x0000003c   Code   RO         4958    i.record_header_flag_dirty  fds.o
    0x0002f478   0x0002f478   0x00000010   Code   RO         2173    i.release           peer_id.o
    0x0002f488   0x0002f488   0x00000004   Code   RO         5764    i.rmap              nrf_fstorage_sd.o
    0x0002f48c   0x0002f48c   0x0000005c   Code   RO         4516    i.rtc_irq           app_timer2.o
    0x0002f4e8   0x0002f4e8   0x00000064   Code   RO         4517    i.rtc_schedule      app_timer2.o
    0x0002f54c   0x0002f54c   0x00000074   Code   RO         4518    i.rtc_update        app_timer2.o
    0x0002f5c0   0x0002f5c0   0x00000032   Code   RO         3906    i.rx_byte           nrfx_uart.o
    0x0002f5f2   0x0002f5f2   0x00000016   Code   RO         3907    i.rx_done_event     nrfx_uart.o
    0x0002f608   0x0002f608   0x00000016   Code   RO         4103    i.rx_done_event     nrfx_uarte.o
    0x0002f61e   0x0002f61e   0x00000002   PAD
    0x0002f620   0x0002f620   0x00000024   Code   RO         1341    i.sc_send_pending_handle  gatt_cache_manager.o
    0x0002f644   0x0002f644   0x00000058   Code   RO         3037    i.sd_state_evt_handler  nrf_drv_clock.o
    0x0002f69c   0x0002f69c   0x00000030   Code   RO         7007    i.sdh_request_observer_notify  nrf_sdh.o
    0x0002f6cc   0x0002f6cc   0x0000002c   Code   RO         7008    i.sdh_state_observer_notify  nrf_sdh.o
    0x0002f6f8   0x0002f6f8   0x000000d8   Code   RO         2715    i.sec_info_request_process  security_dispatcher.o
    0x0002f7d0   0x0002f7d0   0x000000f4   Code   RO         2716    i.sec_keyset_fill   security_dispatcher.o
    0x0002f8c4   0x0002f8c4   0x00000076   Code   RO         2856    i.sec_params_verify  security_manager.o
    0x0002f93a   0x0002f93a   0x00000002   PAD
    0x0002f93c   0x0002f93c   0x00000060   Code   RO         2717    i.sec_proc_start    security_dispatcher.o
    0x0002f99c   0x0002f99c   0x0000005c   Code   RO         2857    i.sec_req_process   security_manager.o
    0x0002f9f8   0x0002f9f8   0x00000022   Code   RO         2718    i.send_config_req   security_dispatcher.o
    0x0002fa1a   0x0002fa1a   0x00000002   PAD
    0x0002fa1c   0x0002fa1c   0x00000010   Code   RO         1028    i.send_error_evt    ble_conn_params.o
    0x0002fa2c   0x0002fa2c   0x00000028   Code   RO         1342    i.send_unexpected_error  gatt_cache_manager.o
    0x0002fa54   0x0002fa54   0x00000028   Code   RO         2719    i.send_unexpected_error  security_dispatcher.o
    0x0002fa7c   0x0002fa7c   0x00000040   Code   RO         6291    i.serial_tx         nrf_log_backend_uart.o
    0x0002fabc   0x0002fabc   0x00000014   Code   RO         1343    i.service_changed_pending_flags_check  gatt_cache_manager.o
    0x0002fad0   0x0002fad0   0x00000094   Code   RO         1502    i.service_changed_pending_set  gatts_cache_manager.o
    0x0002fb64   0x0002fb64   0x00000168   Code   RO         1344    i.service_changed_send_in_evt  gatt_cache_manager.o
    0x0002fccc   0x0002fccc   0x00000088   Code   RO          830    i.service_data_encode  ble_advdata.o
    0x0002fd54   0x0002fd54   0x00000028   Code   RO           15    i.sleep_mode_enter  main.o
    0x0002fd7c   0x0002fd7c   0x0000002c   Code   RO         2858    i.sm_ble_evt_handler  security_manager.o
    0x0002fda8   0x0002fda8   0x00000004   Code   RO         2859    i.sm_conn_sec_config_reply  security_manager.o
    0x0002fdac   0x0002fdac   0x000000a2   Code   RO         2860    i.sm_conn_sec_status_get  security_manager.o
    0x0002fe4e   0x0002fe4e   0x00000002   PAD
    0x0002fe50   0x0002fe50   0x00000058   Code   RO         2861    i.sm_init           security_manager.o
    0x0002fea8   0x0002fea8   0x00000044   Code   RO         2864    i.sm_pdb_evt_handler  security_manager.o
    0x0002feec   0x0002feec   0x00000028   Code   RO         2865    i.sm_sec_is_sufficient  security_manager.o
    0x0002ff14   0x0002ff14   0x00000034   Code   RO         2867    i.sm_sec_params_set  security_manager.o
    0x0002ff48   0x0002ff48   0x0000002c   Code   RO         2868    i.sm_smd_evt_handler  security_manager.o
    0x0002ff74   0x0002ff74   0x000000f4   Code   RO         2720    i.smd_ble_evt_handler  security_dispatcher.o
    0x00030068   0x00030068   0x00000010   Code   RO         2721    i.smd_conn_sec_config_reply  security_dispatcher.o
    0x00030078   0x00030078   0x00000068   Code   RO         2722    i.smd_init          security_dispatcher.o
    0x000300e0   0x000300e0   0x00000028   Code   RO         2723    i.smd_link_secure   security_dispatcher.o
    0x00030108   0x00030108   0x000000ac   Code   RO         2724    i.smd_params_reply  security_dispatcher.o
    0x000301b4   0x000301b4   0x00000040   Code   RO         2869    i.smd_params_reply_perform  security_manager.o
    0x000301f4   0x000301f4   0x00000018   Code   RO         3038    i.soc_evt_handler   nrf_drv_clock.o
    0x0003020c   0x0003020c   0x00000040   Code   RO         7009    i.softdevice_evt_irq_disable  nrf_sdh.o
    0x0003024c   0x0003024c   0x00000058   Code   RO         7010    i.softdevices_evt_irq_enable  nrf_sdh.o
    0x000302a4   0x000302a4   0x0000000c   Code   RO         4519    i.sortlist_pop      app_timer2.o
    0x000302b0   0x000302b0   0x00000030   Code   RO         4260    i.state_set         app_button.o
    0x000302e0   0x000302e0   0x00000094   Code   RO         6421    i.std_n             nrf_log_frontend.o
    0x00030374   0x00030374   0x0000006c   Code   RO         1345    i.store_car_value   gatt_cache_manager.o
    0x000303e0   0x000303e0   0x00000058   Code   RO         4520    i.timer_expire      app_timer2.o
    0x00030438   0x00030438   0x00000078   Code   RO         4521    i.timer_req_process  app_timer2.o
    0x000304b0   0x000304b0   0x00000038   Code   RO         4522    i.timer_req_schedule  app_timer2.o
    0x000304e8   0x000304e8   0x00000018   Code   RO         4261    i.timer_start       app_button.o
    0x00030500   0x00030500   0x00000040   Code   RO           16    i.timer_timeout_handler  main.o
    0x00030540   0x00030540   0x00000020   Code   RO         3909    i.tx_byte           nrfx_uart.o
    0x00030560   0x00030560   0x0000001a   Code   RO         3910    i.tx_done_event     nrfx_uart.o
    0x0003057a   0x0003057a   0x0000001a   Code   RO         4104    i.tx_done_event     nrfx_uarte.o
    0x00030594   0x00030594   0x00000030   Code   RO         3176    i.uart_evt_handler  nrf_drv_uart.o
    0x000305c4   0x000305c4   0x0000000c   Code   RO         6292    i.uart_evt_handler  nrf_log_backend_uart.o
    0x000305d0   0x000305d0   0x00000050   Code   RO         6293    i.uart_init         nrf_log_backend_uart.o
    0x00030620   0x00030620   0x0000012a   Code   RO         3911    i.uart_irq_handler  nrfx_uart.o
    0x0003074a   0x0003074a   0x00000002   PAD
    0x0003074c   0x0003074c   0x00000030   Code   RO         3177    i.uarte_evt_handler  nrf_drv_uart.o
    0x0003077c   0x0003077c   0x00000112   Code   RO         4105    i.uarte_irq_handler  nrfx_uarte.o
    0x0003088e   0x0003088e   0x0000000a   Code   RO          831    i.uint16_encode     ble_advdata.o
    0x00030898   0x00030898   0x00000020   Code   RO         5765    i.uninit            nrf_fstorage_sd.o
    0x000308b8   0x000308b8   0x000000b4   Code   RO         5629    i.unsigned_print    nrf_fprintf_format.o
    0x0003096c   0x0003096c   0x00000030   Code   RO         1346    i.update_pending_flags_check  gatt_cache_manager.o
    0x0003099c   0x0003099c   0x00000068   Code   RO         1029    i.update_timeout_handler  ble_conn_params.o
    0x00030a04   0x00030a04   0x00000018   Code   RO          938    i.use_whitelist     ble_advertising.o
    0x00030a1c   0x00030a1c   0x0000000c   Code   RO         1119    i.user_flag_is_acquired  ble_conn_state.o
    0x00030a28   0x00030a28   0x00000024   Code   RO         1862    i.user_mem_reply    nrf_ble_qwr.o
    0x00030a4c   0x00030a4c   0x00000020   Code   RO         4262    i.usr_event         app_button.o
    0x00030a6c   0x00030a6c   0x00000030   Code   RO          832    i.uuid_list_encode  ble_advdata.o
    0x00030a9c   0x00030a9c   0x0000009e   Code   RO          833    i.uuid_list_sized_encode  ble_advdata.o
    0x00030b3a   0x00030b3a   0x00000002   PAD
    0x00030b3c   0x00030b3c   0x0000004c   Code   RO          589    i.wakeup_button_cfg  bsp.o
    0x00030b88   0x00030b88   0x00000004   Code   RO         5766    i.wmap              nrf_fstorage_sd.o
    0x00030b8c   0x00030b8c   0x00000050   Code   RO         5767    i.write             nrf_fstorage_sd.o
    0x00030bdc   0x00030bdc   0x0000014c   Code   RO         2053    i.write_buf_store   peer_database.o
    0x00030d28   0x00030d28   0x00000034   Code   RO         2054    i.write_buffer_record_find  peer_database.o
    0x00030d5c   0x00030d5c   0x00000030   Code   RO         2055    i.write_buffer_record_find_next  peer_database.o
    0x00030d8c   0x00030d8c   0x0000001c   Code   RO         2056    i.write_buffer_record_invalidate  peer_database.o
    0x00030da8   0x00030da8   0x0000002c   Code   RO         2057    i.write_buffer_record_release  peer_database.o
    0x00030dd4   0x00030dd4   0x000000f4   Code   RO         4960    i.write_enqueue     fds.o
    0x00030ec8   0x00030ec8   0x000000f8   Code   RO         4961    i.write_execute     fds.o
    0x00030fc0   0x00030fc0   0x00000018   Code   RO         4962    i.write_space_free  fds.o
    0x00030fd8   0x00030fd8   0x00000060   Code   RO         4963    i.write_space_reserve  fds.o
    0x00031038   0x00031038   0x00000004   Data   RO           19    .constdata          main.o
    0x0003103c   0x0003103c   0x00000020   Data   RO          413    .constdata          our_service.o
    0x0003105c   0x0003105c   0x00000008   Data   RO          482    .constdata          boards.o
    0x00031064   0x00031064   0x0000002c   Data   RO          594    .constdata          bsp.o
    0x00031090   0x00031090   0x0000006c   Data   RO         1347    .constdata          gatt_cache_manager.o
    0x000310fc   0x000310fc   0x00000004   Data   RO         1503    .constdata          gatts_cache_manager.o
    0x00031100   0x00031100   0x00000010   Data   RO         1504    .constdata          gatts_cache_manager.o
    0x00031110   0x00031110   0x00000004   Data   RO         1505    .constdata          gatts_cache_manager.o
    0x00031114   0x00031114   0x00000008   Data   RO         1612    .constdata          id_manager.o
    0x0003111c   0x0003111c   0x00000016   Data   RO         1768    .constdata          nrf_ble_gatt.o
    0x00031132   0x00031132   0x00000002   PAD
    0x00031134   0x00031134   0x00000018   Data   RO         1919    .constdata          peer_data_storage.o
    0x0003114c   0x0003114c   0x00000010   Data   RO         2059    .constdata          peer_database.o
    0x0003115c   0x0003115c   0x0000002c   Data   RO         2298    .constdata          peer_manager.o
    0x00031188   0x00031188   0x00000078   Data   RO         2726    .constdata          security_dispatcher.o
    0x00031200   0x00031200   0x00000008   Data   RO         2870    .constdata          security_manager.o
    0x00031208   0x00031208   0x00000008   Data   RO         3556    .constdata          nrfx_gpiote.o
    0x00031210   0x00031210   0x00000004   Data   RO         3914    .constdata          nrfx_uart.o
    0x00031214   0x00031214   0x00000004   Data   RO         4108    .constdata          nrfx_uarte.o
    0x00031218   0x00031218   0x00000008   Data   RO         4265    .constdata          app_button.o
    0x00031220   0x00031220   0x00000014   Data   RO         4525    .constdata          app_timer2.o
    0x00031234   0x00031234   0x0000000c   PAD
    0x00031240   0x00031240   0x00000006   Data   RO         4765    .constdata          drv_rtc.o
    0x00031246   0x00031246   0x00000002   PAD
    0x00031248   0x00031248   0x00000018   Data   RO         4966    .constdata          fds.o
    0x00031260   0x00031260   0x00000010   Data   RO         5630    .constdata          nrf_fprintf_format.o
    0x00031270   0x00031270   0x0000005e   Data   RO         5676    .constdata          nrf_fstorage.o
    0x000312ce   0x000312ce   0x00000002   PAD
    0x000312d0   0x000312d0   0x00000010   Data   RO         5770    .constdata          nrf_fstorage_sd.o
    0x000312e0   0x000312e0   0x00000020   Data   RO         5771    .constdata          nrf_fstorage_sd.o
    0x00031300   0x00031300   0x00000018   Data   RO         5949    .constdata          nrf_pwr_mgmt.o
    0x00031318   0x00031318   0x0000000c   Data   RO         5950    .constdata          nrf_pwr_mgmt.o
    0x00031324   0x00031324   0x0000013c   Data   RO         6169    .constdata          nrf_strerror.o
    0x00031460   0x00031460   0x0000000c   Data   RO         6295    .constdata          nrf_log_backend_uart.o
    0x0003146c   0x0003146c   0x00000020   Data   RO         6296    .constdata          nrf_log_backend_uart.o
    0x0003148c   0x0003148c   0x0000000c   Data   RO         6426    .constdata          nrf_log_frontend.o
    0x00031498   0x00031498   0x00000010   Data   RO         7011    .constdata          nrf_sdh.o
    0x000314a8   0x000314a8   0x00000028   Data   RO         7012    .constdata          nrf_sdh.o
    0x000314d0   0x000314d0   0x00000010   Data   RO         7013    .constdata          nrf_sdh.o
    0x000314e0   0x000314e0   0x00000010   Data   RO         7014    .constdata          nrf_sdh.o
    0x000314f0   0x000314f0   0x00000020   Data   RO         7122    .constdata          nrf_sdh_ble.o
    0x00031510   0x00031510   0x00000010   Data   RO         7123    .constdata          nrf_sdh_ble.o
    0x00031520   0x00031520   0x00000010   Data   RO         7173    .constdata          nrf_sdh_soc.o
    0x00031530   0x00031530   0x0000000c   Data   RO         7174    .constdata          nrf_sdh_soc.o
    0x0003153c   0x0003153c   0x00000081   Data   RO         7275    .constdata          mc_w.l(ctype_o.o)
    0x000315bd   0x000315bd   0x00000003   PAD
    0x000315c0   0x000315c0   0x00000004   Data   RO         7276    .constdata          mc_w.l(ctype_o.o)
    0x000315c4   0x000315c4   0x000001a4   Data   RO         1348    .conststring        gatt_cache_manager.o
    0x00031768   0x00031768   0x0000019c   Data   RO         1506    .conststring        gatts_cache_manager.o
    0x00031904   0x00031904   0x000000a2   Data   RO         1769    .conststring        nrf_ble_gatt.o
    0x000319a6   0x000319a6   0x00000002   PAD
    0x000319a8   0x000319a8   0x000000e8   Data   RO         1920    .conststring        peer_data_storage.o
    0x00031a90   0x00031a90   0x00000180   Data   RO         2060    .conststring        peer_database.o
    0x00031c10   0x00031c10   0x00000090   Data   RO         2299    .conststring        peer_manager.o
    0x00031ca0   0x00031ca0   0x000002b2   Data   RO         2727    .conststring        security_dispatcher.o
    0x00031f52   0x00031f52   0x00000002   PAD
    0x00031f54   0x00031f54   0x0000017b   Data   RO         2871    .conststring        security_manager.o
    0x000320cf   0x000320cf   0x00000001   PAD
    0x000320d0   0x000320d0   0x0000004f   Data   RO         5677    .conststring        nrf_fstorage.o
    0x0003211f   0x0003211f   0x00000001   PAD
    0x00032120   0x00032120   0x000003eb   Data   RO         6170    .conststring        nrf_strerror.o
    0x0003250b   0x0003250b   0x00000001   PAD
    0x0003250c   0x0003250c   0x00000066   Data   RO         6588    .conststring        nrf_log_str_formatter.o
    0x00032572   0x00032572   0x00000002   PAD
    0x00032574   0x00032574   0x00000188   Data   RO         7124    .conststring        nrf_sdh_ble.o
    0x000326fc   0x000326fc   0x00000011   Data   RO         1349    .conststrlit        gatt_cache_manager.o
    0x0003270d   0x0003270d   0x00000003   PAD
    0x00032710   0x00032710   0x00000012   Data   RO         1507    .conststrlit        gatts_cache_manager.o
    0x00032722   0x00032722   0x00000002   PAD
    0x00032724   0x00032724   0x00000010   Data   RO         1614    .conststrlit        id_manager.o
    0x00032734   0x00032734   0x0000000d   Data   RO         1770    .conststrlit        nrf_ble_gatt.o
    0x00032741   0x00032741   0x00000003   PAD
    0x00032744   0x00032744   0x00000011   Data   RO         1921    .conststrlit        peer_data_storage.o
    0x00032755   0x00032755   0x00000003   PAD
    0x00032758   0x00032758   0x00000011   Data   RO         2061    .conststrlit        peer_database.o
    0x00032769   0x00032769   0x00000003   PAD
    0x0003276c   0x0003276c   0x0000000d   Data   RO         2300    .conststrlit        peer_manager.o
    0x00032779   0x00032779   0x00000003   PAD
    0x0003277c   0x0003277c   0x00000015   Data   RO         2575    .conststrlit        peer_manager_handler.o
    0x00032791   0x00032791   0x00000003   PAD
    0x00032794   0x00032794   0x00000011   Data   RO         2728    .conststrlit        security_dispatcher.o
    0x000327a5   0x000327a5   0x00000003   PAD
    0x000327a8   0x000327a8   0x00000010   Data   RO         2872    .conststrlit        security_manager.o
    0x000327b8   0x000327b8   0x00000006   Data   RO         3044    .conststrlit        nrf_drv_clock.o
    0x000327be   0x000327be   0x00000002   PAD
    0x000327c0   0x000327c0   0x00000006   Data   RO         3383    .conststrlit        nrfx_clock.o
    0x000327c6   0x000327c6   0x00000002   PAD
    0x000327c8   0x000327c8   0x00000007   Data   RO         3560    .conststrlit        nrfx_gpiote.o
    0x000327cf   0x000327cf   0x00000001   PAD
    0x000327d0   0x000327d0   0x00000004   Data   RO         3835    .conststrlit        nrfx_prs.o
    0x000327d4   0x000327d4   0x00000005   Data   RO         3917    .conststrlit        nrfx_uart.o
    0x000327d9   0x000327d9   0x00000003   PAD
    0x000327dc   0x000327dc   0x00000006   Data   RO         4111    .conststrlit        nrfx_uarte.o
    0x000327e2   0x000327e2   0x00000002   PAD
    0x000327e4   0x000327e4   0x0000000b   Data   RO         4266    .conststrlit        app_button.o
    0x000327ef   0x000327ef   0x00000001   PAD
    0x000327f0   0x000327f0   0x0000000a   Data   RO         4526    .conststrlit        app_timer2.o
    0x000327fa   0x000327fa   0x00000002   PAD
    0x000327fc   0x000327fc   0x0000000d   Data   RO         5678    .conststrlit        nrf_fstorage.o
    0x00032809   0x00032809   0x00000003   PAD
    0x0003280c   0x0003280c   0x00000009   Data   RO         5951    .conststrlit        nrf_pwr_mgmt.o
    0x00032815   0x00032815   0x00000003   PAD
    0x00032818   0x00032818   0x00000009   Data   RO         6116    .conststrlit        nrf_sortlist.o
    0x00032821   0x00032821   0x00000003   PAD
    0x00032824   0x00032824   0x00000011   Data   RO         6361    .conststrlit        nrf_log_default_backends.o
    0x00032835   0x00032835   0x00000003   PAD
    0x00032838   0x00032838   0x00000004   Data   RO         6427    .conststrlit        nrf_log_frontend.o
    0x0003283c   0x0003283c   0x00000008   Data   RO         7015    .conststrlit        nrf_sdh.o
    0x00032844   0x00032844   0x0000000c   Data   RO         7125    .conststrlit        nrf_sdh_ble.o
    0x00032850   0x00032850   0x0000000c   Data   RO         7175    .conststrlit        nrf_sdh_soc.o
    0x0003285c   0x0003285c   0x00000020   Data   RO         7336    Region$$Table       anon$$obj.o
    0x0003287c   0x0003287c   0x00000010   Data   RO         6363    log_backends        nrf_log_default_backends.o
    0x0003288c   0x0003288c   0x00000008   Data   RO         1351    log_const_data      gatt_cache_manager.o
    0x00032894   0x00032894   0x00000008   Data   RO         1509    log_const_data      gatts_cache_manager.o
    0x0003289c   0x0003289c   0x00000008   Data   RO         1616    log_const_data      id_manager.o
    0x000328a4   0x000328a4   0x00000008   Data   RO         1771    log_const_data      nrf_ble_gatt.o
    0x000328ac   0x000328ac   0x00000008   Data   RO         1923    log_const_data      peer_data_storage.o
    0x000328b4   0x000328b4   0x00000008   Data   RO         2063    log_const_data      peer_database.o
    0x000328bc   0x000328bc   0x00000008   Data   RO         2302    log_const_data      peer_manager.o
    0x000328c4   0x000328c4   0x00000008   Data   RO         2578    log_const_data      peer_manager_handler.o
    0x000328cc   0x000328cc   0x00000008   Data   RO         2730    log_const_data      security_dispatcher.o
    0x000328d4   0x000328d4   0x00000008   Data   RO         2874    log_const_data      security_manager.o
    0x000328dc   0x000328dc   0x00000008   Data   RO         3045    log_const_data      nrf_drv_clock.o
    0x000328e4   0x000328e4   0x00000008   Data   RO         3385    log_const_data      nrfx_clock.o
    0x000328ec   0x000328ec   0x00000008   Data   RO         3561    log_const_data      nrfx_gpiote.o
    0x000328f4   0x000328f4   0x00000008   Data   RO         3837    log_const_data      nrfx_prs.o
    0x000328fc   0x000328fc   0x00000008   Data   RO         3918    log_const_data      nrfx_uart.o
    0x00032904   0x00032904   0x00000008   Data   RO         4112    log_const_data      nrfx_uarte.o
    0x0003290c   0x0003290c   0x00000008   Data   RO         4268    log_const_data      app_button.o
    0x00032914   0x00032914   0x00000008   Data   RO         4529    log_const_data      app_timer2.o
    0x0003291c   0x0003291c   0x00000008   Data   RO         5679    log_const_data      nrf_fstorage.o
    0x00032924   0x00032924   0x00000008   Data   RO         5953    log_const_data      nrf_pwr_mgmt.o
    0x0003292c   0x0003292c   0x00000008   Data   RO         6117    log_const_data      nrf_sortlist.o
    0x00032934   0x00032934   0x00000008   Data   RO         6431    log_const_data      nrf_log_frontend.o
    0x0003293c   0x0003293c   0x00000008   Data   RO         7017    log_const_data      nrf_sdh.o
    0x00032944   0x00032944   0x00000008   Data   RO         7127    log_const_data      nrf_sdh_ble.o
    0x0003294c   0x0003294c   0x00000008   Data   RO         7176    log_const_data      nrf_sdh_soc.o
    0x00032954   0x00032954   0x00000014   Data   RO         6432    nrf_balloc          nrf_log_frontend.o
    0x00032968   0x00032968   0x00000008   Data   RO         1121    sdh_ble_observers0  ble_conn_state.o
    0x00032970   0x00032970   0x00000010   Data   RO           21    sdh_ble_observers1  main.o
    0x00032980   0x00032980   0x00000008   Data   RO          697    sdh_ble_observers1  bsp_btn_ble.o
    0x00032988   0x00032988   0x00000008   Data   RO         1032    sdh_ble_observers1  ble_conn_params.o
    0x00032990   0x00032990   0x00000008   Data   RO         2303    sdh_ble_observers1  peer_manager.o
    0x00032998   0x00032998   0x00000008   Data   RO           22    sdh_ble_observers2  main.o
    0x000329a0   0x000329a0   0x00000010   Data   RO           23    sdh_ble_observers3  main.o
    0x000329b0   0x000329b0   0x00000008   Data   RO         5773    sdh_req_observers0  nrf_fstorage_sd.o
    0x000329b8   0x000329b8   0x00000008   Data   RO         3046    sdh_soc_observers0  nrf_drv_clock.o
    0x000329c0   0x000329c0   0x00000008   Data   RO         5774    sdh_soc_observers0  nrf_fstorage_sd.o
    0x000329c8   0x000329c8   0x00000008   Data   RO         7128    sdh_stack_observers0  nrf_sdh_ble.o
    0x000329d0   0x000329d0   0x00000008   Data   RO         7177    sdh_stack_observers0  nrf_sdh_soc.o
    0x000329d8   0x000329d8   0x00000008   Data   RO         3047    sdh_state_observers0  nrf_drv_clock.o
    0x000329e0   0x000329e0   0x00000008   Data   RO         5775    sdh_state_observers0  nrf_fstorage_sd.o


    Execution Region RW_IRAM1 (Exec base: 0x20002270, Load base: 0x000329e8, Size: 0x00003358, Max: 0x0003dd90, ABSOLUTE, COMPRESSED[0x00000060])

    Exec Addr    Load Addr    Size         Type   Attr      Idx    E Section Name        Object

    0x20002270   COMPRESSED   0x00000010   Data   RW           20    .data               main.o
    0x20002280   COMPRESSED   0x00000010   Data   RW          595    .data               bsp.o
    0x20002290   COMPRESSED   0x00000008   Data   RW          696    .data               bsp_btn_ble.o
    0x20002298   COMPRESSED   0x00000008   Data   RW         1031    .data               ble_conn_params.o
    0x200022a0   COMPRESSED   0x00000010   Data   RW         1350    .data               gatt_cache_manager.o
    0x200022b0   COMPRESSED   0x0000000c   Data   RW         1508    .data               gatts_cache_manager.o
    0x200022bc   COMPRESSED   0x0000000c   Data   RW         1922    .data               peer_data_storage.o
    0x200022c8   COMPRESSED   0x00000008   Data   RW         2062    .data               peer_database.o
    0x200022d0   COMPRESSED   0x00000010   Data   RW         2301    .data               peer_manager.o
    0x200022e0   COMPRESSED   0x00000005   Data   RW         2729    .data               security_dispatcher.o
    0x200022e5   COMPRESSED   0x00000003   PAD
    0x200022e8   COMPRESSED   0x00000015   Data   RW         2873    .data               security_manager.o
    0x200022fd   COMPRESSED   0x00000003   PAD
    0x20002300   COMPRESSED   0x00000014   Data   RW         3178    .data               nrf_drv_uart.o
    0x20002314   COMPRESSED   0x00000008   Data   RW         3384    .data               nrfx_clock.o
    0x2000231c   COMPRESSED   0x00000008   Data   RW         3836    .data               nrfx_prs.o
    0x20002324   COMPRESSED   0x00000004   PAD
    0x20002328   COMPRESSED   0x00000018   Data   RW         4267    .data               app_button.o
    0x20002340   COMPRESSED   0x00000020   Data   RW         4527    .data               app_timer2.o
    0x20002360   COMPRESSED   0x00000004   Data   RW         4528    .data               app_timer2.o
    0x20002364   COMPRESSED   0x0000000c   Data   RW         4766    .data               drv_rtc.o
    0x20002370   COMPRESSED   0x00000030   Data   RW         4967    .data               fds.o
    0x200023a0   COMPRESSED   0x00000008   Data   RW         5772    .data               nrf_fstorage_sd.o
    0x200023a8   COMPRESSED   0x00000008   Data   RW         5952    .data               nrf_pwr_mgmt.o
    0x200023b0   COMPRESSED   0x00000018   Data   RW         6297    .data               nrf_log_backend_uart.o
    0x200023c8   COMPRESSED   0x00000008   Data   RW         6362    .data               nrf_log_default_backends.o
    0x200023d0   COMPRESSED   0x00000004   Data   RW         6428    .data               nrf_log_frontend.o
    0x200023d4   COMPRESSED   0x00000008   Data   RW         6429    .data               nrf_log_frontend.o
    0x200023dc   COMPRESSED   0x00000008   Data   RW         6430    .data               nrf_log_frontend.o
    0x200023e4   COMPRESSED   0x00000040   Data   RW         6589    .data               nrf_log_str_formatter.o
    0x20002424   COMPRESSED   0x00000003   Data   RW         7016    .data               nrf_sdh.o
    0x20002427   COMPRESSED   0x00000001   Data   RW         7126    .data               nrf_sdh_ble.o
    0x20002428   COMPRESSED   0x00000004   Data   RW         7216    .data               system_nrf52840.o
    0x2000242c   COMPRESSED   0x00000014   Data   RW         4968    fs_data             fds.o
    0x20002440        -       0x00000020   Zero   RW           17    .bss                main.o
    0x20002460        -       0x00000460   Zero   RW           18    .bss                main.o
    0x200028c0        -       0x00000020   Zero   RW          590    .bss                bsp.o
    0x200028e0        -       0x00000020   Zero   RW          591    .bss                bsp.o
    0x20002900        -       0x0000000c   Zero   RW          592    .bss                bsp.o
    0x2000290c   COMPRESSED   0x00000004   PAD
    0x20002910        -       0x00000020   Zero   RW          593    .bss                bsp.o
    0x20002930        -       0x00000050   Zero   RW         1030    .bss                ble_conn_params.o
    0x20002980        -       0x0000007c   Zero   RW         1120    .bss                ble_conn_state.o
    0x200029fc        -       0x000000d8   Zero   RW         1611    .bss                id_manager.o
    0x20002ad4        -       0x00000180   Zero   RW         2058    .bss                peer_database.o
    0x20002c54        -       0x00000040   Zero   RW         2174    .bss                peer_id.o
    0x20002c94        -       0x0000000c   Zero   RW         2297    .bss                peer_manager.o
    0x20002ca0        -       0x00000040   Zero   RW         2725    .bss                security_dispatcher.o
    0x20002ce0        -       0x00000014   Zero   RW         3039    .bss                nrf_drv_clock.o
    0x20002cf4        -       0x0000006c   Zero   RW         3555    .bss                nrfx_gpiote.o
    0x20002d60        -       0x0000002c   Zero   RW         3912    .bss                nrfx_uart.o
    0x20002d8c        -       0x00000024   Zero   RW         4106    .bss                nrfx_uarte.o
    0x20002db0        -       0x00000020   Zero   RW         4263    .bss                app_button.o
    0x20002dd0        -       0x00000020   Zero   RW         4264    .bss                app_button.o
    0x20002df0        -       0x00000010   Zero   RW         4523    .bss                app_timer2.o
    0x20002e00        -       0x00000058   Zero   RW         4524    .bss                app_timer2.o
    0x20002e58        -       0x0000000c   Zero   RW         4653    .bss                app_util_platform.o
    0x20002e64        -       0x00000010   Zero   RW         4964    .bss                fds.o
    0x20002e74        -       0x000000e0   Zero   RW         4965    .bss                fds.o
    0x20002f54        -       0x00000010   Zero   RW         5768    .bss                nrf_fstorage_sd.o
    0x20002f64        -       0x000000a0   Zero   RW         5769    .bss                nrf_fstorage_sd.o
    0x20003004        -       0x0000000c   Zero   RW         5948    .bss                nrf_pwr_mgmt.o
    0x20003010        -       0x00000040   Zero   RW         6294    .bss                nrf_log_backend_uart.o
    0x20003050        -       0x000000c0   Zero   RW         6422    .bss                nrf_log_frontend.o
    0x20003110        -       0x00000080   Zero   RW         6423    .bss                nrf_log_frontend.o
    0x20003190        -       0x00000018   Zero   RW         6424    .bss                nrf_log_frontend.o
    0x200031a8        -       0x00000420   Zero   RW         6425    .bss                nrf_log_frontend.o
    0x200035c8        -       0x00002000   Zero   RW         7204    STACK               arm_startup_nrf52840.o


==============================================================================

Image component sizes


      Code (inc. data)   RO Data    RW Data    ZI Data      Debug   Object Name

       664         66         27         24         64      17770   app_button.o
        22          0          0          0          0       2513   app_error.o
       132         46          0          0          0      34125   app_error_weak.o
         0          0          0          0          0      37170   app_scheduler.o
       846         88         38         36        104      16593   app_timer2.o
       124         14          0          0         12      10682   app_util_platform.o
        36          8        512          0       8192        932   arm_startup_nrf52840.o
      1338          0          0          0          0      53384   ble_advdata.o
      1064          6          0          0          0      12699   ble_advertising.o
       636         44          8          8         80       9295   ble_conn_params.o
       772         62          8          0        124      15633   ble_conn_state.o
         8          0          0          0          0       1454   ble_srv_common.o
       440         46          8          0          0      14447   boards.o
      1016         90         44         16        108      16003   bsp.o
       252         10          8          8          0       5736   bsp_btn_ble.o
       704         76          6         12          0      48601   drv_rtc.o
      3576        336         24         68        240      48671   fds.o
      2152        552        553         16          0      33839   gatt_cache_manager.o
       686         84        462         12          0      16587   gatts_cache_manager.o
       946         34         32          0        216      17024   id_manager.o
      1476        368         44         16       1152     200815   main.o
       342          0          0          0          0       6702   nrf_atfifo.o
       170          0          0          0          0       4808   nrf_atflags.o
       332          0          0          0          0      10110   nrf_atomic.o
       164          0          0          0          0       3624   nrf_balloc.o
       922        272        205          0          0      37251   nrf_ble_gatt.o
       276          0          0          0          0       4693   nrf_ble_qwr.o
       312         36         30          0         20      43764   nrf_drv_clock.o
       200         26          0         20          0      17804   nrf_drv_uart.o
        50          0          0          0          0       3525   nrf_fprintf.o
       866          4         16          0          0       6542   nrf_fprintf_format.o
       972        432        194          0          0       8012   nrf_fstorage.o
       798         82         72          8        176      15979   nrf_fstorage_sd.o
       200          0          0          0          0      11609   nrf_log_backend_serial.o
       232         44         44         24         64      15894   nrf_log_backend_uart.o
        28          4         33          8          0       3341   nrf_log_default_backends.o
      1496        128         44         20       1400      30655   nrf_log_frontend.o
       570        108        102         64          0       5644   nrf_log_str_formatter.o
       346          0          0          0          0       9551   nrf_memobj.o
       108         16         53          8         12      40026   nrf_pwr_mgmt.o
        28          0          0          0          0       2363   nrf_ringbuf.o
       560         60        104          3          0      45288   nrf_sdh.o
       672        232        468          1          0       5853   nrf_sdh_ble.o
        60          4         56          0          0       2464   nrf_sdh_soc.o
        78          0          0          0          0       2772   nrf_section_iter.o
        84          0         17          0          0       4097   nrf_sortlist.o
        76         10       1319          0          0       2735   nrf_strerror.o
       242         32         14          8          0      47048   nrfx_clock.o
      1386        108         23          0        108      66737   nrfx_gpiote.o
       112         16         12          8          0       4484   nrfx_prs.o
      1354         48         17          0         44      31549   nrfx_uart.o
      1356         48         18          0         36      27007   nrfx_uarte.o
       386         14         32          0          0       7996   our_service.o
      1172        144        281         12          0      18226   peer_data_storage.o
      1434        260        425          8        384      19470   peer_database.o
       314         38          0          0         64       9135   peer_id.o
      1356        364        217         16         12      17897   peer_manager.o
         0          0         29          0          0       2468   peer_manager_handler.o
       234          0          0          0          0       5435   pm_buffer.o
      1960        274        835          5         64      27639   security_dispatcher.o
      1366        122        411         21          0      54572   security_manager.o
       468         62          0          4          0      12811   system_nrf52840.o

    ----------------------------------------------------------------------
     40048       4918       6952        464      12680    1311553   Object Totals
         0          0         32          0          0          0   (incl. Generated)
        76          0         75         10          4          0   (incl. Padding)

    ----------------------------------------------------------------------

      Code (inc. data)   RO Data    RW Data    ZI Data      Debug   Library Member Name

        86          0          0          0          0          0   __dczerorl2.o
         8          4        133          0          0         68   ctype_o.o
         0          0          0          0          0          0   entry.o
         0          0          0          0          0          0   entry10a.o
         0          0          0          0          0          0   entry11a.o
         8          4          0          0          0          0   entry2.o
         4          0          0          0          0          0   entry5.o
         0          0          0          0          0          0   entry7b.o
         0          0          0          0          0          0   entry8b.o
         8          4          0          0          0          0   entry9a.o
        30          0          0          0          0          0   handlers.o
        36          8          0          0          0         68   init.o
        30          0          0          0          0         68   llshl.o
        32          0          0          0          0         68   llushr.o
        26          0          0          0          0         80   memcmp.o
        36          0          0          0          0         68   memcpya.o
        36          0          0          0          0        108   memseta.o
        14          0          0          0          0         68   strlen.o
        98          0          0          0          0         92   uldiv.o

    ----------------------------------------------------------------------
       456         20        136          0          0        688   Library Totals
         4          0          3          0          0          0   (incl. Padding)

    ----------------------------------------------------------------------

      Code (inc. data)   RO Data    RW Data    ZI Data      Debug   Library Name

       452         20        133          0          0        688   mc_w.l

    ----------------------------------------------------------------------
       456         20        136          0          0        688   Library Totals

    ----------------------------------------------------------------------

==============================================================================


      Code (inc. data)   RO Data    RW Data    ZI Data      Debug   

     40504       4938       7088        464      12680    1259517   Grand Totals
     40504       4938       7088         96      12680    1259517   ELF Image Totals (compressed)
     40504       4938       7088         96          0          0   ROM Totals

==============================================================================

    Total RO  Size (Code + RO Data)                47592 (  46.48kB)
    Total RW  Size (RW Data + ZI Data)             13144 (  12.84kB)
    Total ROM Size (Code + RO Data + RW Data)      47688 (  46.57kB)

==============================================================================

